Component: ARM Compiler 5.06 update 6 (build 750) Tool: armlink [4d35ed]

==============================================================================

Section Cross References

    startup_stm32f103xb.o(RESET) refers to startup_stm32f103xb.o(STACK) for __initial_sp
    startup_stm32f103xb.o(RESET) refers to startup_stm32f103xb.o(.text) for Reset_Handler
    startup_stm32f103xb.o(RESET) refers to stm32f1xx_it.o(i.NMI_Handler) for NMI_Handler
    startup_stm32f103xb.o(RESET) refers to stm32f1xx_it.o(i.HardFault_Handler) for HardFault_Handler
    startup_stm32f103xb.o(RESET) refers to stm32f1xx_it.o(i.MemManage_Handler) for MemManage_Handler
    startup_stm32f103xb.o(RESET) refers to stm32f1xx_it.o(i.BusFault_Handler) for BusFault_Handler
    startup_stm32f103xb.o(RESET) refers to stm32f1xx_it.o(i.UsageFault_Handler) for UsageFault_Handler
    startup_stm32f103xb.o(RESET) refers to stm32f1xx_it.o(i.SVC_Handler) for SVC_Handler
    startup_stm32f103xb.o(RESET) refers to stm32f1xx_it.o(i.DebugMon_Handler) for DebugMon_Handler
    startup_stm32f103xb.o(RESET) refers to stm32f1xx_it.o(i.PendSV_Handler) for PendSV_Handler
    startup_stm32f103xb.o(RESET) refers to stm32f1xx_it.o(i.SysTick_Handler) for SysTick_Handler
    startup_stm32f103xb.o(RESET) refers to stm32f1xx_it.o(i.EXTI0_IRQHandler) for EXTI0_IRQHandler
    startup_stm32f103xb.o(RESET) refers to stm32f1xx_it.o(i.TIM2_IRQHandler) for TIM2_IRQHandler
    startup_stm32f103xb.o(RESET) refers to stm32f1xx_it.o(i.USART1_IRQHandler) for USART1_IRQHandler
    startup_stm32f103xb.o(.text) refers to system_stm32f1xx.o(i.SystemInit) for SystemInit
    startup_stm32f103xb.o(.text) refers to entry.o(.ARM.Collect$$$$00000000) for __main
    arp.o(i.ARP_clear_table) refers to arp.o(.data) for .data
    arp.o(i.ARP_clear_table) refers to arp.o(.bss) for .bss
    arp.o(i.ARP_read_packet) refers to arp.o(i.ARP_table_setIP) for ARP_table_setIP
    arp.o(i.ARP_read_packet) refers to net.o(i.NET_SendFrame) for NET_SendFrame
    arp.o(i.ARP_read_packet) refers to enc28j60.o(.data) for ip
    arp.o(i.ARP_read_packet) refers to enc28j60.o(.constdata) for macaddr
    arp.o(i.ARP_report) refers to net.o(i.NET_SendFrame) for NET_SendFrame
    arp.o(i.ARP_report) refers to enc28j60.o(.constdata) for macaddr
    arp.o(i.ARP_report) refers to enc28j60.o(.data) for ip
    arp.o(i.ARP_send_request) refers to net.o(i.NET_SendFrame) for NET_SendFrame
    arp.o(i.ARP_send_request) refers to enc28j60.o(.constdata) for macaddr
    arp.o(i.ARP_send_request) refers to enc28j60.o(.data) for ip
    arp.o(i.ARP_table_checkIP) refers to arp.o(.bss) for .bss
    arp.o(i.ARP_table_get_MAC) refers to arp.o(i.ARP_table_checkIP) for ARP_table_checkIP
    arp.o(i.ARP_table_get_MAC) refers to arp.o(.bss) for .bss
    arp.o(i.ARP_table_setIP) refers to arp.o(i.ARP_table_checkIP) for ARP_table_checkIP
    arp.o(i.ARP_table_setIP) refers to printf8.o(i.__0sprintf$8) for __2sprintf
    arp.o(i.ARP_table_setIP) refers to uart.o(i.UART_putString) for UART_putString
    arp.o(i.ARP_table_setIP) refers to enc28j60.o(.bss) for debug_string
    arp.o(i.ARP_table_setIP) refers to arp.o(.data) for .data
    arp.o(i.ARP_table_setIP) refers to arp.o(.bss) for .bss
    dhcp.o(i.DHCP_get_ip) refers to stm32f1xx_hal.o(i.HAL_GetTick) for HAL_GetTick
    dhcp.o(i.DHCP_get_ip) refers to dhcp.o(i.dhcp_discover) for dhcp_discover
    dhcp.o(i.DHCP_get_ip) refers to stm32f1xx_hal.o(i.HAL_Delay) for HAL_Delay
    dhcp.o(i.DHCP_get_ip) refers to dhcp.o(.data) for .data
    dhcp.o(i.dhcp_discover) refers to udp.o(i.UDP_send_with_mac) for UDP_send_with_mac
    dhcp.o(i.dhcp_discover) refers to dhcp.o(.data) for .data
    dhcp.o(i.dhcp_discover) refers to enc28j60.o(.constdata) for macaddr
    dhcp.o(i.dhcp_getGateway) refers to printf8.o(i.__0sprintf$8) for __2sprintf
    dhcp.o(i.dhcp_getGateway) refers to uart.o(i.UART_putString) for UART_putString
    dhcp.o(i.dhcp_getGateway) refers to dhcp.o(i.dhcp_discover) for dhcp_discover
    dhcp.o(i.dhcp_getGateway) refers to dhcp.o(.data) for .data
    dhcp.o(i.dhcp_getGateway) refers to enc28j60.o(.data) for ip
    dhcp.o(i.dhcp_getGateway) refers to enc28j60.o(.data) for gateway_ip
    dhcp.o(i.dhcp_getGateway) refers to enc28j60.o(.data) for gateway_mac
    dhcp.o(i.dhcp_getGateway) refers to enc28j60.o(.bss) for debug_string
    enc28j60.o(i.ENC28J60_ReadBuffer) refers to stm32f1xx_hal_gpio.o(i.HAL_GPIO_WritePin) for HAL_GPIO_WritePin
    enc28j60.o(i.ENC28J60_ReadBuffer) refers to enc28j60.o(i.SPI_SendByte) for SPI_SendByte
    enc28j60.o(i.ENC28J60_ReadBuffer) refers to enc28j60.o(i.SPI_ReceiveByte) for SPI_ReceiveByte
    enc28j60.o(i.ENC28J60_SetBank) refers to enc28j60.o(i.ENC28J60_write_command) for ENC28J60_write_command
    enc28j60.o(i.ENC28J60_SetBank) refers to enc28j60.o(.data) for .data
    enc28j60.o(i.ENC28J60_error) refers to uart.o(i.UART_putString) for UART_putString
[...]
    Removing stm32f1xx_hal_tim_ex.o(i.HAL_TIMEx_RemapConfig), (4 bytes).
    Removing stm32f1xx_hal_tim_ex.o(i.TIMEx_DMACommutationCplt), (16 bytes).
    Removing stm32f1xx_hal_tim_ex.o(i.TIMEx_DMACommutationHalfCplt), (16 bytes).
    Removing stm32f1xx_hal_tim_ex.o(i.TIM_CCxNChannelCmd), (26 bytes).
    Removing stm32f1xx_hal_uart.o(.rev16_text), (4 bytes).
    Removing stm32f1xx_hal_uart.o(.revsh_text), (4 bytes).
    Removing stm32f1xx_hal_uart.o(.rrx_text), (6 bytes).
    Removing stm32f1xx_hal_uart.o(i.HAL_HalfDuplex_EnableReceiver), (50 bytes).
    Removing stm32f1xx_hal_uart.o(i.HAL_HalfDuplex_EnableTransmitter), (50 bytes).
    Removing stm32f1xx_hal_uart.o(i.HAL_HalfDuplex_Init), (108 bytes).
    Removing stm32f1xx_hal_uart.o(i.HAL_LIN_Init), (128 bytes).
    Removing stm32f1xx_hal_uart.o(i.HAL_LIN_SendBreak), (46 bytes).
    Removing stm32f1xx_hal_uart.o(i.HAL_MultiProcessor_EnterMuteMode), (46 bytes).
    Removing stm32f1xx_hal_uart.o(i.HAL_MultiProcessor_ExitMuteMode), (46 bytes).
    Removing stm32f1xx_hal_uart.o(i.HAL_MultiProcessor_Init), (142 bytes).
    Removing stm32f1xx_hal_uart.o(i.HAL_UART_Abort), (138 bytes).
    Removing stm32f1xx_hal_uart.o(i.HAL_UART_AbortCpltCallback), (2 bytes).
    Removing stm32f1xx_hal_uart.o(i.HAL_UART_AbortReceive), (88 bytes).
    Removing stm32f1xx_hal_uart.o(i.HAL_UART_AbortReceiveCpltCallback), (2 bytes).
    Removing stm32f1xx_hal_uart.o(i.HAL_UART_AbortReceive_IT), (92 bytes).
    Removing stm32f1xx_hal_uart.o(i.HAL_UART_AbortTransmit), (78 bytes).
    Removing stm32f1xx_hal_uart.o(i.HAL_UART_AbortTransmitCpltCallback), (2 bytes).
    Removing stm32f1xx_hal_uart.o(i.HAL_UART_AbortTransmit_IT), (84 bytes).
    Removing stm32f1xx_hal_uart.o(i.HAL_UART_Abort_IT), (172 bytes).
    Removing stm32f1xx_hal_uart.o(i.HAL_UART_DMAPause), (102 bytes).
    Removing stm32f1xx_hal_uart.o(i.HAL_UART_DMAResume), (94 bytes).
    Removing stm32f1xx_hal_uart.o(i.HAL_UART_DMAStop), (88 bytes).
    Removing stm32f1xx_hal_uart.o(i.HAL_UART_DeInit), (50 bytes).
    Removing stm32f1xx_hal_uart.o(i.HAL_UART_GetError), (4 bytes).
    Removing stm32f1xx_hal_uart.o(i.HAL_UART_GetState), (10 bytes).
    Removing stm32f1xx_hal_uart.o(i.HAL_UART_MspDeInit), (2 bytes).
    Removing stm32f1xx_hal_uart.o(i.HAL_UART_MspInit), (2 bytes).
    Removing stm32f1xx_hal_uart.o(i.HAL_UART_Receive), (184 bytes).
    Removing stm32f1xx_hal_uart.o(i.HAL_UART_Receive_DMA), (152 bytes).
    Removing stm32f1xx_hal_uart.o(i.HAL_UART_RxCpltCallback), (2 bytes).
    Removing stm32f1xx_hal_uart.o(i.HAL_UART_RxHalfCpltCallback), (2 bytes).
    Removing stm32f1xx_hal_uart.o(i.HAL_UART_Transmit_DMA), (128 bytes).
    Removing stm32f1xx_hal_uart.o(i.HAL_UART_Transmit_IT), (62 bytes).
    Removing stm32f1xx_hal_uart.o(i.HAL_UART_TxHalfCpltCallback), (2 bytes).
    Removing stm32f1xx_hal_uart.o(i.UART_DMAError), (74 bytes).
    Removing stm32f1xx_hal_uart.o(i.UART_DMAReceiveCplt), (60 bytes).
    Removing stm32f1xx_hal_uart.o(i.UART_DMARxAbortCallback), (42 bytes).
    Removing stm32f1xx_hal_uart.o(i.UART_DMARxHalfCplt), (10 bytes).
    Removing stm32f1xx_hal_uart.o(i.UART_DMARxOnlyAbortCallback), (20 bytes).
    Removing stm32f1xx_hal_uart.o(i.UART_DMATransmitCplt), (46 bytes).
    Removing stm32f1xx_hal_uart.o(i.UART_DMATxAbortCallback), (42 bytes).
    Removing stm32f1xx_hal_uart.o(i.UART_DMATxHalfCplt), (10 bytes).
    Removing stm32f1xx_hal_uart.o(i.UART_DMATxOnlyAbortCallback), (20 bytes).
    Removing stm32f1xx_hal_uart.o(i.UART_EndTxTransfer), (18 bytes).
    Removing system_stm32f1xx.o(.rev16_text), (4 bytes).
    Removing system_stm32f1xx.o(.revsh_text), (4 bytes).
    Removing system_stm32f1xx.o(.rrx_text), (6 bytes).
    Removing system_stm32f1xx.o(i.SystemCoreClockUpdate), (104 bytes).
    Removing dadd.o(.text), (334 bytes).
    Removing dmul.o(.text), (228 bytes).
    Removing ddiv.o(.text), (222 bytes).
    Removing dfixul.o(.text), (48 bytes).
    Removing cdrcmple.o(.text), (48 bytes).
    Removing depilogue.o(.text), (186 bytes).

445 unused section(s) (total 26071 bytes) removed from the image.

==============================================================================

Image Symbol Table

    Local Symbols

    Symbol Name                              Value     Ov Type        Size  Object(Section)

    ../Drivers/STM32F1xx_HAL_Driver/Src/stm32f1xx_hal.c 0x00000000   Number         0  stm32f1xx_hal.o ABSOLUTE
    ../Drivers/STM32F1xx_HAL_Driver/Src/stm32f1xx_hal_cortex.c 0x00000000   Number         0  stm32f1xx_hal_cortex.o ABSOLUTE
    ../Drivers/STM32F1xx_HAL_Driver/Src/stm32f1xx_hal_dma.c 0x00000000   Number         0  stm32f1xx_hal_dma.o ABSOLUTE
    ../Drivers/STM32F1xx_HAL_Driver/Src/stm32f1xx_hal_exti.c 0x00000000   Number         0  stm32f1xx_hal_exti.o ABSOLUTE
    ../Drivers/STM32F1xx_HAL_Driver/Src/stm32f1xx_hal_flash.c 0x00000000   Number         0  stm32f1xx_hal_flash.o ABSOLUTE
    ../Drivers/STM32F1xx_HAL_Driver/Src/stm32f1xx_hal_flash_ex.c 0x00000000   Number         0  stm32f1xx_hal_flash_ex.o ABSOLUTE
    ../Drivers/STM32F1xx_HAL_Driver/Src/stm32f1xx_hal_gpio.c 0x00000000   Number         0  stm32f1xx_hal_gpio.o ABSOLUTE
    ../Drivers/STM32F1xx_HAL_Driver/Src/stm32f1xx_hal_gpio_ex.c 0x00000000   Number         0  stm32f1xx_hal_gpio_ex.o ABSOLUTE
    ../Drivers/STM32F1xx_HAL_Driver/Src/stm32f1xx_hal_pwr.c 0x00000000   Number         0  stm32f1xx_hal_pwr.o ABSOLUTE
    ../Drivers/STM32F1xx_HAL_Driver/Src/stm32f1xx_hal_rcc.c 0x00000000   Number         0  stm32f1xx_hal_rcc.o ABSOLUTE
    ../Drivers/STM32F1xx_HAL_Driver/Src/stm32f1xx_hal_rcc_ex.c 0x00000000   Number         0  stm32f1xx_hal_rcc_ex.o ABSOLUTE
    ../Drivers/STM32F1xx_HAL_Driver/Src/stm32f1xx_hal_spi.c 0x00000000   Number         0  stm32f1xx_hal_spi.o ABSOLUTE
    ../Drivers/STM32F1xx_HAL_Driver/Src/stm32f1xx_hal_tim.c 0x00000000   Number         0  stm32f1xx_hal_tim.o ABSOLUTE
    ../Drivers/STM32F1xx_HAL_Driver/Src/stm32f1xx_hal_tim_ex.c 0x00000000   Number         0  stm32f1xx_hal_tim_ex.o ABSOLUTE
    ../Drivers/STM32F1xx_HAL_Driver/Src/stm32f1xx_hal_uart.c 0x00000000   Number         0  stm32f1xx_hal_uart.o ABSOLUTE
    ../Src/main.c                            0x00000000   Number         0  main.o ABSOLUTE
    ../Src/stm32f1xx_hal_msp.c               0x00000000   Number         0  stm32f1xx_hal_msp.o ABSOLUTE
    ../Src/stm32f1xx_it.c                    0x00000000   Number         0  stm32f1xx_it.o ABSOLUTE
    ../Src/system_stm32f1xx.c                0x00000000   Number         0  system_stm32f1xx.o ABSOLUTE
    ../clib/microlib/division.c              0x00000000   Number         0  uidiv.o ABSOLUTE
    ../clib/microlib/division.c              0x00000000   Number         0  uldiv.o ABSOLUTE
    ../clib/microlib/init/entry.s            0x00000000   Number         0  entry8a.o ABSOLUTE
    ../clib/microlib/init/entry.s            0x00000000   Number         0  entry9a.o ABSOLUTE
    ../clib/microlib/init/entry.s            0x00000000   Number         0  entry9b.o ABSOLUTE
    ../clib/microlib/init/entry.s            0x00000000   Number         0  entry11b.o ABSOLUTE
    ../clib/microlib/init/entry.s            0x00000000   Number         0  entry11a.o ABSOLUTE
    ../clib/microlib/init/entry.s            0x00000000   Number         0  entry8b.o ABSOLUTE
    ../clib/microlib/init/entry.s            0x00000000   Number         0  entry7a.o ABSOLUTE
    ../clib/microlib/init/entry.s            0x00000000   Number         0  entry10a.o ABSOLUTE
    ../clib/microlib/init/entry.s            0x00000000   Number         0  entry.o ABSOLUTE
    ../clib/microlib/init/entry.s            0x00000000   Number         0  entry2.o ABSOLUTE
    ../clib/microlib/init/entry.s            0x00000000   Number         0  entry5.o ABSOLUTE
    ../clib/microlib/init/entry.s            0x00000000   Number         0  entry7b.o ABSOLUTE
    ../clib/microlib/init/entry.s            0x00000000   Number         0  entry10b.o ABSOLUTE
    ../clib/microlib/longlong.c              0x00000000   Number         0  llshl.o ABSOLUTE
    ../clib/microlib/longlong.c              0x00000000   Number         0  llsshr.o ABSOLUTE
    ../clib/microlib/longlong.c              0x00000000   Number         0  llushr.o ABSOLUTE
    ../clib/microlib/printf/printf.c         0x00000000   Number         0  printf3.o ABSOLUTE
    ../clib/microlib/printf/printf.c         0x00000000   Number         0  printf0.o ABSOLUTE
    ../clib/microlib/printf/printf.c         0x00000000   Number         0  printf4.o ABSOLUTE
    ../clib/microlib/printf/printf.c         0x00000000   Number         0  printf5.o ABSOLUTE
    ../clib/microlib/printf/printf.c         0x00000000   Number         0  printf6.o ABSOLUTE
    ../clib/microlib/printf/printf.c         0x00000000   Number         0  printf7.o ABSOLUTE
    ../clib/microlib/printf/printf.c         0x00000000   Number         0  printfa.o ABSOLUTE
    ../clib/microlib/printf/printf.c         0x00000000   Number         0  printf1.o ABSOLUTE
    ../clib/microlib/printf/printf.c         0x00000000   Number         0  printfb.o ABSOLUTE
    ../clib/microlib/printf/printf.c         0x00000000   Number         0  printf8.o ABSOLUTE
    ../clib/microlib/printf/printf.c         0x00000000   Number         0  printf2.o ABSOLUTE
    ../clib/microlib/printf/stubs.s          0x00000000   Number         0  stubs.o ABSOLUTE
    ../clib/microlib/stdio/fputc.c           0x00000000   Number         0  fputc.o ABSOLUTE
    ../clib/microlib/stdio/semi.s            0x00000000   Number         0  semi.o ABSOLUTE
    ../clib/microlib/stdio/streams.c         0x00000000   Number         0  stdout.o ABSOLUTE
    ../clib/microlib/stdlib/rand.c           0x00000000   Number         0  rand.o ABSOLUTE
    ../clib/microlib/string/memcmp.c         0x00000000   Number         0  memcmp.o ABSOLUTE
    ../clib/microlib/string/memcpy.c         0x00000000   Number         0  memcpya.o ABSOLUTE
    ../clib/microlib/string/memcpy.c         0x00000000   Number         0  memcpyb.o ABSOLUTE
    ../clib/microlib/string/memset.c         0x00000000   Number         0  memseta.o ABSOLUTE
    ../clib/microlib/string/strcpy.c         0x00000000   Number         0  strcpy.o ABSOLUTE
    ../clib/microlib/string/strlen.c         0x00000000   Number         0  strlen.o ABSOLUTE
    ../clib/microlib/string/strncmp.c        0x00000000   Number         0  strncmp.o ABSOLUTE
    ../clib/microlib/string/strstr.c         0x00000000   Number         0  strstr.o ABSOLUTE
    ../clib/microlib/stubs.s                 0x00000000   Number         0  iusesemip.o ABSOLUTE
    ../clib/microlib/stubs.s                 0x00000000   Number         0  iusefp.o ABSOLUTE
    ../fplib/microlib/fpadd.c                0x00000000   Number         0  dadd.o ABSOLUTE
    ../fplib/microlib/fpdiv.c                0x00000000   Number         0  ddiv.o ABSOLUTE
    ../fplib/microlib/fpepilogue.c           0x00000000   Number         0  depilogue.o ABSOLUTE
    ../fplib/microlib/fpfix.c                0x00000000   Number         0  dfixul.o ABSOLUTE
    ../fplib/microlib/fpmul.c                0x00000000   Number         0  dmul.o ABSOLUTE
    ..\Drivers\IOT47_lib\ENC28J60\arp.c      0x00000000   Number         0  arp.o ABSOLUTE
    ..\Drivers\IOT47_lib\ENC28J60\dhcp.c     0x00000000   Number         0  dhcp.o ABSOLUTE
    ..\Drivers\IOT47_lib\ENC28J60\enc28j60.c 0x00000000   Number         0  enc28j60.o ABSOLUTE
    ..\Drivers\IOT47_lib\ENC28J60\http.c     0x00000000   Number         0  http.o ABSOLUTE
    ..\Drivers\IOT47_lib\ENC28J60\icmp.c     0x00000000   Number         0  icmp.o ABSOLUTE
    ..\Drivers\IOT47_lib\ENC28J60\net.c      0x00000000   Number         0  net.o ABSOLUTE
    ..\Drivers\IOT47_lib\ENC28J60\tcp.c      0x00000000   Number         0  tcp.o ABSOLUTE
    ..\Drivers\IOT47_lib\ENC28J60\uart.c     0x00000000   Number         0  uart.o ABSOLUTE
    ..\Drivers\IOT47_lib\ENC28J60\udp.c      0x00000000   Number         0  udp.o ABSOLUTE
    ..\Drivers\STM32F1xx_HAL_Driver\Src\stm32f1xx_hal.c 0x00000000   Number         0  stm32f1xx_hal.o ABSOLUTE
    ..\Drivers\STM32F1xx_HAL_Driver\Src\stm32f1xx_hal_cortex.c 0x00000000   Number         0  stm32f1xx_hal_cortex.o ABSOLUTE
    ..\Drivers\STM32F1xx_HAL_Driver\Src\stm32f1xx_hal_dma.c 0x00000000   Number         0  stm32f1xx_hal_dma.o ABSOLUTE
    ..\Drivers\STM32F1xx_HAL_Driver\Src\stm32f1xx_hal_exti.c 0x00000000   Number         0  stm32f1xx_hal_exti.o ABSOLUTE
    ..\Drivers\STM32F1xx_HAL_Driver\Src\stm32f1xx_hal_flash.c 0x00000000   Number         0  stm32f1xx_hal_flash.o ABSOLUTE
    ..\Drivers\STM32F1xx_HAL_Driver\Src\stm32f1xx_hal_flash_ex.c 0x00000000   Number         0  stm32f1xx_hal_flash_ex.o ABSOLUTE
    ..\Drivers\STM32F1xx_HAL_Driver\Src\stm32f1xx_hal_gpio.c 0x00000000   Number         0  stm32f1xx_hal_gpio.o ABSOLUTE
    ..\Drivers\STM32F1xx_HAL_Driver\Src\stm32f1xx_hal_gpio_ex.c 0x00000000   Number         0  stm32f1xx_hal_gpio_ex.o ABSOLUTE
    ..\Drivers\STM32F1xx_HAL_Driver\Src\stm32f1xx_hal_pwr.c 0x00000000   Number         0  stm32f1xx_hal_pwr.o ABSOLUTE
    ..\Drivers\STM32F1xx_HAL_Driver\Src\stm32f1xx_hal_rcc.c 0x00000000   Number         0  stm32f1xx_hal_rcc.o ABSOLUTE
    ..\Drivers\STM32F1xx_HAL_Driver\Src\stm32f1xx_hal_rcc_ex.c 0x00000000   Number         0  stm32f1xx_hal_rcc_ex.o ABSOLUTE
    ..\Drivers\STM32F1xx_HAL_Driver\Src\stm32f1xx_hal_spi.c 0x00000000   Number         0  stm32f1xx_hal_spi.o ABSOLUTE
    ..\Drivers\STM32F1xx_HAL_Driver\Src\stm32f1xx_hal_tim.c 0x00000000   Number         0  stm32f1xx_hal_tim.o ABSOLUTE
    ..\Drivers\STM32F1xx_HAL_Driver\Src\stm32f1xx_hal_tim_ex.c 0x00000000   Number         0  stm32f1xx_hal_tim_ex.o ABSOLUTE
    ..\Drivers\STM32F1xx_HAL_Driver\Src\stm32f1xx_hal_uart.c 0x00000000   Number         0  stm32f1xx_hal_uart.o ABSOLUTE
    ..\Src\main.c                            0x00000000   Number         0  main.o ABSOLUTE
    ..\Src\stm32f1xx_hal_msp.c               0x00000000   Number         0  stm32f1xx_hal_msp.o ABSOLUTE
    ..\Src\stm32f1xx_it.c                    0x00000000   Number         0  stm32f1xx_it.o ABSOLUTE
    ..\Src\system_stm32f1xx.c                0x00000000   Number         0  system_stm32f1xx.o ABSOLUTE
    ..\\Drivers\\IOT47_lib\\ENC28J60\\arp.c  0x00000000   Number         0  arp.o ABSOLUTE
    ..\\Drivers\\IOT47_lib\\ENC28J60\\dhcp.c 0x00000000   Number         0  dhcp.o ABSOLUTE
    ..\\Drivers\\IOT47_lib\\ENC28J60\\enc28j60.c 0x00000000   Number         0  enc28j60.o ABSOLUTE
    ..\\Drivers\\IOT47_lib\\ENC28J60\\http.c 0x00000000   Number         0  http.o ABSOLUTE
    ..\\Drivers\\IOT47_lib\\ENC28J60\\icmp.c 0x00000000   Number         0  icmp.o ABSOLUTE
    ..\\Drivers\\IOT47_lib\\ENC28J60\\net.c  0x00000000   Number         0  net.o ABSOLUTE
    ..\\Drivers\\IOT47_lib\\ENC28J60\\tcp.c  0x00000000   Number         0  tcp.o ABSOLUTE
    ..\\Drivers\\IOT47_lib\\ENC28J60\\uart.c 0x00000000   Number         0  uart.o ABSOLUTE
    ..\\Drivers\\IOT47_lib\\ENC28J60\\udp.c  0x00000000   Number         0  udp.o ABSOLUTE
    cdrcmple.s                               0x00000000   Number         0  cdrcmple.o ABSOLUTE
    dc.s                                     0x00000000   Number         0  dc.o ABSOLUTE
    handlers.s                               0x00000000   Number         0  handlers.o ABSOLUTE
    init.s                                   0x00000000   Number         0  init.o ABSOLUTE
    startup_stm32f103xb.s                    0x00000000   Number         0  startup_stm32f103xb.o ABSOLUTE
    RESET                                    0x08000000   Section      236  startup_stm32f103xb.o(RESET)
    .ARM.Collect$$$$00000000                 0x080000ec   Section        0  entry.o(.ARM.Collect$$$$00000000)
    .ARM.Collect$$$$00000001                 0x080000ec   Section        4  entry2.o(.ARM.Collect$$$$00000001)
    .ARM.Collect$$$$00000004                 0x080000f0   Section        4  entry5.o(.ARM.Collect$$$$00000004)
    .ARM.Collect$$$$00000008                 0x080000f4   Section        0  entry7b.o(.ARM.Collect$$$$00000008)
    .ARM.Collect$$$$0000000A                 0x080000f4   Section        0  entry8b.o(.ARM.Collect$$$$0000000A)
    .ARM.Collect$$$$0000000B                 0x080000f4   Section        8  entry9a.o(.ARM.Collect$$$$0000000B)
    .ARM.Collect$$$$0000000D                 0x080000fc   Section        0  entry10a.o(.ARM.Collect$$$$0000000D)
    .ARM.Collect$$$$0000000F                 0x080000fc   Section        0  entry11a.o(.ARM.Collect$$$$0000000F)
    .ARM.Collect$$$$00002712                 0x080000fc   Section        4  entry2.o(.ARM.Collect$$$$00002712)
    __lit__00000000                          0x080000fc   Data           4  entry2.o(.ARM.Collect$$$$00002712)
    .text                                    0x08000100   Section       36  startup_stm32f103xb.o(.text)
    .text                                    0x08000124   Section        0  llushr.o(.text)
    .text                                    0x08000144   Section        0  rand.o(.text)
    .text                                    0x08000168   Section        0  memcpya.o(.text)
    .text                                    0x0800018c   Section        0  memseta.o(.text)
    .text                                    0x080001b0   Section        0  strstr.o(.text)
    .text                                    0x080001d4   Section        0  strlen.o(.text)
    .text                                    0x080001e2   Section        0  memcmp.o(.text)
    .text                                    0x080001fc   Section        0  strcpy.o(.text)
    .text                                    0x0800020e   Section        0  strncmp.o(.text)
    .text                                    0x0800022c   Section        0  uldiv.o(.text)
    .text                                    0x08000290   Section       36  init.o(.text)
    .text                                    0x080002b4   Section        0  llshl.o(.text)
    i.ARP_clear_table                        0x080002d4   Section        0  arp.o(i.ARP_clear_table)
    i.ARP_read_packet                        0x08000308   Section        0  arp.o(i.ARP_read_packet)
    i.ARP_send_request                       0x080003cc   Section        0  arp.o(i.ARP_send_request)
    i.ARP_table_checkIP                      0x08000458   Section        0  arp.o(i.ARP_table_checkIP)
    i.ARP_table_get_MAC                      0x080004a0   Section        0  arp.o(i.ARP_table_get_MAC)
    i.ARP_table_setIP                        0x080004c4   Section        0  arp.o(i.ARP_table_setIP)
    i.BusFault_Handler                       0x08000574   Section        0  stm32f1xx_it.o(i.BusFault_Handler)
    i.DebugMon_Handler                       0x08000576   Section        0  stm32f1xx_it.o(i.DebugMon_Handler)
    i.ENC28J60_ReadBuffer                    0x08000578   Section        0  enc28j60.o(i.ENC28J60_ReadBuffer)
    i.ENC28J60_SetBank                       0x080005b8   Section        0  enc28j60.o(i.ENC28J60_SetBank)
    i.ENC28J60_error                         0x080005e8   Section        0  enc28j60.o(i.ENC28J60_error)
    i.ENC28J60_readByte                      0x08000618   Section        0  enc28j60.o(i.ENC28J60_readByte)
    i.ENC28J60_read_Byte_Buffer              0x0800062c   Section        0  enc28j60.o(i.ENC28J60_read_Byte_Buffer)
    i.ENC28J60_read_command                  0x08000634   Section        0  enc28j60.o(i.ENC28J60_read_command)
    i.ENC28J60_read_packet                   0x08000670   Section        0  enc28j60.o(i.ENC28J60_read_packet)
    i.ENC28J60_send_packet                   0x080006fc   Section        0  enc28j60.o(i.ENC28J60_send_packet)
    i.ENC28J60_writeBuf                      0x08000744   Section        0  enc28j60.o(i.ENC28J60_writeBuf)
    i.ENC28J60_writeByte                     0x0800077c   Section        0  enc28j60.o(i.ENC28J60_writeByte)
    i.ENC28J60_writeByte16                   0x08000794   Section        0  enc28j60.o(i.ENC28J60_writeByte16)
    i.ENC28J60_writePhy                      0x080007ae   Section        0  enc28j60.o(i.ENC28J60_writePhy)
    i.ENC28J60_write_command                 0x080007d0   Section        0  enc28j60.o(i.ENC28J60_write_command)
    i.ENC29J600_ini                          0x08000808   Section        0  enc28j60.o(i.ENC29J600_ini)
    i.EXTI0_IRQHandler                       0x080009cc   Section        0  stm32f1xx_it.o(i.EXTI0_IRQHandler)
    i.HAL_DMA_Abort_IT                       0x080009d4   Section        0  stm32f1xx_hal_dma.o(i.HAL_DMA_Abort_IT)
    i.HAL_Delay                              0x08000a6c   Section        0  stm32f1xx_hal.o(i.HAL_Delay)
    i.HAL_GPIO_EXTI_Callback                 0x08000a90   Section        0  main.o(i.HAL_GPIO_EXTI_Callback)
    i.HAL_GPIO_EXTI_IRQHandler               0x08000aa8   Section        0  stm32f1xx_hal_gpio.o(i.HAL_GPIO_EXTI_IRQHandler)
    i.HAL_GPIO_Init                          0x08000ac0   Section        0  stm32f1xx_hal_gpio.o(i.HAL_GPIO_Init)
    i.HAL_GPIO_WritePin                      0x08000ca0   Section        0  stm32f1xx_hal_gpio.o(i.HAL_GPIO_WritePin)
    i.HAL_GetTick                            0x08000cac   Section        0  stm32f1xx_hal.o(i.HAL_GetTick)
    i.HAL_IncTick                            0x08000cb8   Section        0  stm32f1xx_hal.o(i.HAL_IncTick)
    i.HAL_Init                               0x08000cc8   Section        0  stm32f1xx_hal.o(i.HAL_Init)
    i.HAL_InitTick                           0x08000cec   Section        0  stm32f1xx_hal.o(i.HAL_InitTick)
    i.HAL_MspInit                            0x08000d2c   Section        0  stm32f1xx_hal_msp.o(i.HAL_MspInit)
    i.HAL_NVIC_EnableIRQ                     0x08000d68   Section        0  stm32f1xx_hal_cortex.o(i.HAL_NVIC_EnableIRQ)
    i.HAL_NVIC_SetPriority                   0x08000d84   Section        0  stm32f1xx_hal_cortex.o(i.HAL_NVIC_SetPriority)
    i.HAL_NVIC_SetPriorityGrouping           0x08000dc4   Section        0  stm32f1xx_hal_cortex.o(i.HAL_NVIC_SetPriorityGrouping)
    i.HAL_RCC_ClockConfig                    0x08000de8   Section        0  stm32f1xx_hal_rcc.o(i.HAL_RCC_ClockConfig)
    i.HAL_RCC_GetPCLK1Freq                   0x08000f14   Section        0  stm32f1xx_hal_rcc.o(i.HAL_RCC_GetPCLK1Freq)
    i.HAL_RCC_GetPCLK2Freq                   0x08000f34   Section        0  stm32f1xx_hal_rcc.o(i.HAL_RCC_GetPCLK2Freq)
    i.HAL_RCC_GetSysClockFreq                0x08000f54   Section        0  stm32f1xx_hal_rcc.o(i.HAL_RCC_GetSysClockFreq)
    i.HAL_RCC_OscConfig                      0x08000fc0   Section        0  stm32f1xx_hal_rcc.o(i.HAL_RCC_OscConfig)
    i.HAL_SPI_Init                           0x080012e0   Section        0  stm32f1xx_hal_spi.o(i.HAL_SPI_Init)
    i.HAL_SPI_MspInit                        0x0800135c   Section        0  stm32f1xx_hal_msp.o(i.HAL_SPI_MspInit)
    i.HAL_SPI_Transmit                       0x080013cc   Section        0  stm32f1xx_hal_spi.o(i.HAL_SPI_Transmit)
    i.HAL_SPI_TransmitReceive                0x08001528   Section        0  stm32f1xx_hal_spi.o(i.HAL_SPI_TransmitReceive)
    i.HAL_SYSTICK_Config                     0x0800170a   Section        0  stm32f1xx_hal_cortex.o(i.HAL_SYSTICK_Config)
    i.HAL_TIMEx_BreakCallback                0x08001732   Section        0  stm32f1xx_hal_tim_ex.o(i.HAL_TIMEx_BreakCallback)
    i.HAL_TIMEx_CommutCallback               0x08001734   Section        0  stm32f1xx_hal_tim_ex.o(i.HAL_TIMEx_CommutCallback)
    i.HAL_TIMEx_MasterConfigSynchronization  0x08001736   Section        0  stm32f1xx_hal_tim_ex.o(i.HAL_TIMEx_MasterConfigSynchronization)
    i.HAL_TIM_Base_Init                      0x08001778   Section        0  stm32f1xx_hal_tim.o(i.HAL_TIM_Base_Init)
    i.HAL_TIM_Base_MspInit                   0x080017b0   Section        0  stm32f1xx_hal_msp.o(i.HAL_TIM_Base_MspInit)
    i.HAL_TIM_Base_Start_IT                  0x080017e8   Section        0  stm32f1xx_hal_tim.o(i.HAL_TIM_Base_Start_IT)
    i.HAL_TIM_ConfigClockSource              0x0800180a   Section        0  stm32f1xx_hal_tim.o(i.HAL_TIM_ConfigClockSource)
    i.HAL_TIM_IC_CaptureCallback             0x080018e0   Section        0  stm32f1xx_hal_tim.o(i.HAL_TIM_IC_CaptureCallback)
    i.HAL_TIM_IRQHandler                     0x080018e2   Section        0  stm32f1xx_hal_tim.o(i.HAL_TIM_IRQHandler)
    i.HAL_TIM_OC_DelayElapsedCallback        0x08001a48   Section        0  stm32f1xx_hal_tim.o(i.HAL_TIM_OC_DelayElapsedCallback)
    i.HAL_TIM_PWM_PulseFinishedCallback      0x08001a4a   Section        0  stm32f1xx_hal_tim.o(i.HAL_TIM_PWM_PulseFinishedCallback)
    i.HAL_TIM_PeriodElapsedCallback          0x08001a4c   Section        0  main.o(i.HAL_TIM_PeriodElapsedCallback)
    i.HAL_TIM_TriggerCallback                0x08001a5a   Section        0  stm32f1xx_hal_tim.o(i.HAL_TIM_TriggerCallback)
    i.HAL_UART_ErrorCallback                 0x08001a5c   Section        0  stm32f1xx_hal_uart.o(i.HAL_UART_ErrorCallback)
    i.HAL_UART_IRQHandler                    0x08001a60   Section        0  stm32f1xx_hal_uart.o(i.HAL_UART_IRQHandler)
    i.HAL_UART_Init                          0x08001b70   Section        0  stm32f1xx_hal_uart.o(i.HAL_UART_Init)
    i.HAL_UART_MspInit                       0x08001bd4   Section        0  stm32f1xx_hal_msp.o(i.HAL_UART_MspInit)
    i.HAL_UART_Receive_IT                    0x08001c54   Section        0  stm32f1xx_hal_uart.o(i.HAL_UART_Receive_IT)
    i.HAL_UART_RxCpltCallback                0x08001ca8   Section        0  main.o(i.HAL_UART_RxCpltCallback)
    i.HAL_UART_Transmit                      0x08001cd4   Section        0  stm32f1xx_hal_uart.o(i.HAL_UART_Transmit)
    i.HAL_UART_TxCpltCallback                0x08001d8e   Section        0  stm32f1xx_hal_uart.o(i.HAL_UART_TxCpltCallback)
    i.HTTP_get_Sequence_Number               0x08001d90   Section        0  http.o(i.HTTP_get_Sequence_Number)
    i.HTTP_get_data_num                      0x08001d9c   Section        0  http.o(i.HTTP_get_data_num)
    i.HTTP_get_status                        0x08001de0   Section        0  http.o(i.HTTP_get_status)
    i.HTTP_pack_init                         0x08001dec   Section        0  http.o(i.HTTP_pack_init)
    i.HTTP_set_Sequence_Number               0x08001dfc   Section        0  http.o(i.HTTP_set_Sequence_Number)
    i.HTTP_set_status                        0x08001e08   Section        0  http.o(i.HTTP_set_status)
    i.HardFault_Handler                      0x08001e14   Section        0  stm32f1xx_it.o(i.HardFault_Handler)
    i.ICMP_checksum                          0x08001e16   Section        0  icmp.o(i.ICMP_checksum)
    i.ICMP_ping_reply                        0x08001e58   Section        0  icmp.o(i.ICMP_ping_reply)
    i.ICMP_read                              0x08001ea0   Section        0  icmp.o(i.ICMP_read)
    i.MX_GPIO_Init                           0x08001ed0   Section        0  main.o(i.MX_GPIO_Init)
    MX_GPIO_Init                             0x08001ed1   Thumb Code   134  main.o(i.MX_GPIO_Init)
    i.MX_SPI1_Init                           0x08001f64   Section        0  main.o(i.MX_SPI1_Init)
    MX_SPI1_Init                             0x08001f65   Thumb Code    46  main.o(i.MX_SPI1_Init)
    i.MX_TIM2_Init                           0x08001f9c   Section        0  main.o(i.MX_TIM2_Init)
    MX_TIM2_Init                             0x08001f9d   Thumb Code    78  main.o(i.MX_TIM2_Init)
    i.MemManage_Handler                      0x08001ff0   Section        0  stm32f1xx_it.o(i.MemManage_Handler)
    i.NET_SendFrame                          0x08001ff2   Section        0  net.o(i.NET_SendFrame)
    i.NET_ipRead                             0x08001ff6   Section        0  net.o(i.NET_ipRead)
    i.NET_ipchecksum                         0x08002012   Section        0  net.o(i.NET_ipchecksum)
    i.NET_loop                               0x08002044   Section        0  net.o(i.NET_loop)
    i.NET_read                               0x08002064   Section        0  net.o(i.NET_read)
    i.NMI_Handler                            0x08002082   Section        0  stm32f1xx_it.o(i.NMI_Handler)
    i.PendSV_Handler                         0x08002084   Section        0  stm32f1xx_it.o(i.PendSV_Handler)
    i.SPI_EndRxTxTransaction                 0x08002086   Section        0  stm32f1xx_hal_spi.o(i.SPI_EndRxTxTransaction)
    SPI_EndRxTxTransaction                   0x08002087   Thumb Code    32  stm32f1xx_hal_spi.o(i.SPI_EndRxTxTransaction)
    i.SPI_ReceiveByte                        0x080020a8   Section        0  enc28j60.o(i.SPI_ReceiveByte)
    i.SPI_SendByte                           0x080020cc   Section        0  enc28j60.o(i.SPI_SendByte)
    i.SPI_WaitFlagStateUntilTimeout          0x080020e4   Section        0  stm32f1xx_hal_spi.o(i.SPI_WaitFlagStateUntilTimeout)
    SPI_WaitFlagStateUntilTimeout            0x080020e5   Thumb Code   148  stm32f1xx_hal_spi.o(i.SPI_WaitFlagStateUntilTimeout)
    i.SVC_Handler                            0x08002178   Section        0  stm32f1xx_it.o(i.SVC_Handler)
    i.SysTick_Handler                        0x0800217a   Section        0  stm32f1xx_it.o(i.SysTick_Handler)
    i.SystemClock_Config                     0x0800217e   Section        0  main.o(i.SystemClock_Config)
    i.SystemInit                             0x080021cc   Section        0  system_stm32f1xx.o(i.SystemInit)
    i.TCP_Connect                            0x08002214   Section        0  tcp.o(i.TCP_Connect)
    i.TCP_checksum                           0x080022e0   Section        0  tcp.o(i.TCP_checksum)
    i.TCP_make_herder                        0x08002328   Section        0  tcp.o(i.TCP_make_herder)
    i.TCP_read                               0x08002628   Section        0  tcp.o(i.TCP_read)
    i.TCP_readData                           0x08002890   Section        0  tcp.o(i.TCP_readData)
    i.TCP_send                               0x08002918   Section        0  tcp.o(i.TCP_send)
    i.TCP_sendData                           0x08002974   Section        0  tcp.o(i.TCP_sendData)
    i.TCP_sendSYN                            0x08002a30   Section        0  tcp.o(i.TCP_sendSYN)
    i.TIM2_IRQHandler                        0x08002b0c   Section        0  stm32f1xx_it.o(i.TIM2_IRQHandler)
    i.TIM_Base_SetConfig                     0x08002b18   Section        0  stm32f1xx_hal_tim.o(i.TIM_Base_SetConfig)
    i.TIM_ETR_SetConfig                      0x08002b84   Section        0  stm32f1xx_hal_tim.o(i.TIM_ETR_SetConfig)
    i.TIM_ITRx_SetConfig                     0x08002b98   Section        0  stm32f1xx_hal_tim.o(i.TIM_ITRx_SetConfig)
    TIM_ITRx_SetConfig                       0x08002b99   Thumb Code    16  stm32f1xx_hal_tim.o(i.TIM_ITRx_SetConfig)
    i.TIM_TI1_ConfigInputStage               0x08002ba8   Section        0  stm32f1xx_hal_tim.o(i.TIM_TI1_ConfigInputStage)
    TIM_TI1_ConfigInputStage                 0x08002ba9   Thumb Code    34  stm32f1xx_hal_tim.o(i.TIM_TI1_ConfigInputStage)
    i.TIM_TI2_ConfigInputStage               0x08002bca   Section        0  stm32f1xx_hal_tim.o(i.TIM_TI2_ConfigInputStage)
    TIM_TI2_ConfigInputStage                 0x08002bcb   Thumb Code    36  stm32f1xx_hal_tim.o(i.TIM_TI2_ConfigInputStage)
    i.UART_DMAAbortOnError                   0x08002bee   Section        0  stm32f1xx_hal_uart.o(i.UART_DMAAbortOnError)
    UART_DMAAbortOnError                     0x08002bef   Thumb Code    16  stm32f1xx_hal_uart.o(i.UART_DMAAbortOnError)
    i.UART_EndRxTransfer                     0x08002bfe   Section        0  stm32f1xx_hal_uart.o(i.UART_EndRxTransfer)
    UART_EndRxTransfer                       0x08002bff   Thumb Code    28  stm32f1xx_hal_uart.o(i.UART_EndRxTransfer)
    i.UART_Receive_IT                        0x08002c1a   Section        0  stm32f1xx_hal_uart.o(i.UART_Receive_IT)
    UART_Receive_IT                          0x08002c1b   Thumb Code   150  stm32f1xx_hal_uart.o(i.UART_Receive_IT)
    i.UART_SetConfig                         0x08002cb0   Section        0  stm32f1xx_hal_uart.o(i.UART_SetConfig)
    UART_SetConfig                           0x08002cb1   Thumb Code   178  stm32f1xx_hal_uart.o(i.UART_SetConfig)
    i.UART_Transmit_IT                       0x08002d68   Section        0  stm32f1xx_hal_uart.o(i.UART_Transmit_IT)
    UART_Transmit_IT                         0x08002d69   Thumb Code    98  stm32f1xx_hal_uart.o(i.UART_Transmit_IT)
    i.UART_WaitOnFlagUntilTimeout            0x08002dca   Section        0  stm32f1xx_hal_uart.o(i.UART_WaitOnFlagUntilTimeout)
    UART_WaitOnFlagUntilTimeout              0x08002dcb   Thumb Code   100  stm32f1xx_hal_uart.o(i.UART_WaitOnFlagUntilTimeout)
    i.UART_init                              0x08002e30   Section        0  uart.o(i.UART_init)
    i.UART_putChar                           0x08002e3c   Section        0  uart.o(i.UART_putChar)
    i.UART_putString                         0x08002e58   Section        0  uart.o(i.UART_putString)
    i.UDP_checksum                           0x08002e78   Section        0  udp.o(i.UDP_checksum)
    i.UDP_read                               0x08002ec4   Section        0  udp.o(i.UDP_read)
    i.UDP_send                               0x08003080   Section        0  udp.o(i.UDP_send)
    i.UDP_send_with_mac                      0x0800319c   Section        0  udp.o(i.UDP_send_with_mac)
    i.USART1_IRQHandler                      0x08003244   Section        0  stm32f1xx_it.o(i.USART1_IRQHandler)
    i.UsageFault_Handler                     0x08003250   Section        0  stm32f1xx_it.o(i.UsageFault_Handler)
    i.__0sprintf$8                           0x08003254   Section        0  printf8.o(i.__0sprintf$8)
    i.__NVIC_SetPriority                     0x0800327c   Section        0  stm32f1xx_hal_cortex.o(i.__NVIC_SetPriority)
    __NVIC_SetPriority                       0x0800327d   Thumb Code    32  stm32f1xx_hal_cortex.o(i.__NVIC_SetPriority)
    i.__scatterload_copy                     0x0800329c   Section       14  handlers.o(i.__scatterload_copy)
    i.__scatterload_null                     0x080032aa   Section        2  handlers.o(i.__scatterload_null)
    i.__scatterload_zeroinit                 0x080032ac   Section       14  handlers.o(i.__scatterload_zeroinit)
    i._printf_core                           0x080032bc   Section        0  printf8.o(i._printf_core)
    _printf_core                             0x080032bd   Thumb Code   996  printf8.o(i._printf_core)
    i._printf_post_padding                   0x080036cc   Section        0  printf8.o(i._printf_post_padding)
    _printf_post_padding                     0x080036cd   Thumb Code    36  printf8.o(i._printf_post_padding)
    i._printf_pre_padding                    0x080036f0   Section        0  printf8.o(i._printf_pre_padding)
    _printf_pre_padding                      0x080036f1   Thumb Code    46  printf8.o(i._printf_pre_padding)
    i._sputc                                 0x0800371e   Section        0  printf8.o(i._sputc)
    _sputc                                   0x0800371f   Thumb Code    10  printf8.o(i._sputc)
    i.clear_RX                               0x08003728   Section        0  main.o(i.clear_RX)
    i.dhcp_discover                          0x08003744   Section        0  dhcp.o(i.dhcp_discover)
    i.dhcp_getGateway                        0x08003854   Section        0  dhcp.o(i.dhcp_getGateway)
    i.main                                   0x08003948   Section        0  main.o(i.main)
    i.net_SetStatus                          0x080039e8   Section        0  net.o(i.net_SetStatus)
    i.net_readEnable                         0x080039fc   Section        0  net.o(i.net_readEnable)
    .constdata                               0x08003a08   Section        6  enc28j60.o(.constdata)
    .constdata                               0x08003a0e   Section     1298  http.o(.constdata)
    .constdata                               0x08003f20   Section       16  system_stm32f1xx.o(.constdata)
    .constdata                               0x08003f30   Section        8  system_stm32f1xx.o(.constdata)
    .data                                    0x20000000   Section        8  arp.o(.data)
    .data                                    0x20000008   Section       15  dhcp.o(.data)
    .data                                    0x20000017   Section        4  enc28j60.o(.data)
    .data                                    0x2000001c   Section        8  enc28j60.o(.data)
    NextPacketPtr                            0x2000001e   Data           2  enc28j60.o(.data)
    hspi                                     0x20000020   Data           4  enc28j60.o(.data)
    .data                                    0x20000024   Section        4  enc28j60.o(.data)
    .data                                    0x20000028   Section        6  enc28j60.o(.data)
    .data                                    0x20000030   Section       12  http.o(.data)
    .data                                    0x2000003c   Section        1  net.o(.data)
    .data                                    0x20000040   Section        4  uart.o(.data)
    huart                                    0x20000040   Data           4  uart.o(.data)
    .data                                    0x20000044   Section        6  main.o(.data)
    .data                                    0x2000004c   Section       12  stm32f1xx_hal.o(.data)
    .data                                    0x20000058   Section        4  system_stm32f1xx.o(.data)
    .data                                    0x2000005c   Section        4  rand.o(.data)
    _rand_state                              0x2000005c   Data           4  rand.o(.data)
    .bss                                     0x20000060   Section       50  arp.o(.bss)
    .bss                                     0x20000092   Section       60  enc28j60.o(.bss)
    .bss                                     0x200000ce   Section      512  net.o(.bss)
    .bss                                     0x200002ce   Section       23  tcp.o(.bss)
    .bss                                     0x200002e8   Section      315  main.o(.bss)
    STACK                                    0x20000428   Section     1024  startup_stm32f103xb.o(STACK)

    Global Symbols

    Symbol Name                              Value     Ov Type        Size  Object(Section)

    BuildAttributes$$THM_ISAv4$P$D$K$B$S$PE$A:L22UL41UL21$X:L11$S22US41US21$IEEE1$IW$USESV6$~STKCKD$USESV7$~SHL$OSPACE$ROPI$EBA8$MICROLIB$REQ8$PRES8$EABIv2 0x00000000   Number         0  anon$$obj.o ABSOLUTE
    __ARM_use_no_argv                        0x00000000   Number         0  main.o ABSOLUTE
    _printf_a                                0x00000000   Number         0  stubs.o ABSOLUTE
    _printf_c                                0x00000000   Number         0  stubs.o ABSOLUTE
    _printf_charcount                        0x00000000   Number         0  stubs.o ABSOLUTE
    _printf_d                                0x00000000   Number         0  stubs.o ABSOLUTE
    _printf_e                                0x00000000   Number         0  stubs.o ABSOLUTE
    _printf_f                                0x00000000   Number         0  stubs.o ABSOLUTE
    _printf_flags                            0x00000000   Number         0  stubs.o ABSOLUTE
    _printf_fp_dec                           0x00000000   Number         0  stubs.o ABSOLUTE
    _printf_fp_hex                           0x00000000   Number         0  stubs.o ABSOLUTE
    _printf_g                                0x00000000   Number         0  stubs.o ABSOLUTE
    _printf_i                                0x00000000   Number         0  stubs.o ABSOLUTE
    _printf_int_dec                          0x00000000   Number         0  stubs.o ABSOLUTE
    _printf_l                                0x00000000   Number         0  stubs.o ABSOLUTE
    _printf_lc                               0x00000000   Number         0  stubs.o ABSOLUTE
    _printf_ll                               0x00000000   Number         0  stubs.o ABSOLUTE
    _printf_lld                              0x00000000   Number         0  stubs.o ABSOLUTE
    _printf_lli                              0x00000000   Number         0  stubs.o ABSOLUTE
    _printf_llo                              0x00000000   Number         0  stubs.o ABSOLUTE
    _printf_llu                              0x00000000   Number         0  stubs.o ABSOLUTE
    _printf_llx                              0x00000000   Number         0  stubs.o ABSOLUTE
    _printf_longlong_dec                     0x00000000   Number         0  stubs.o ABSOLUTE
    _printf_longlong_hex                     0x00000000   Number         0  stubs.o ABSOLUTE
    _printf_longlong_oct                     0x00000000   Number         0  stubs.o ABSOLUTE
    _printf_ls                               0x00000000   Number         0  stubs.o ABSOLUTE
    _printf_mbtowc                           0x00000000   Number         0  stubs.o ABSOLUTE
    _printf_n                                0x00000000   Number         0  stubs.o ABSOLUTE
    _printf_o                                0x00000000   Number         0  stubs.o ABSOLUTE
    _printf_p                                0x00000000   Number         0  stubs.o ABSOLUTE
    _printf_percent                          0x00000000   Number         0  stubs.o ABSOLUTE
    _printf_pre_padding                      0x00000000   Number         0  stubs.o ABSOLUTE
    _printf_return_value                     0x00000000   Number         0  stubs.o ABSOLUTE
    _printf_s                                0x00000000   Number         0  stubs.o ABSOLUTE
    _printf_sizespec                         0x00000000   Number         0  stubs.o ABSOLUTE
    _printf_str                              0x00000000   Number         0  stubs.o ABSOLUTE
    _printf_truncate_signed                  0x00000000   Number         0  stubs.o ABSOLUTE
    _printf_truncate_unsigned                0x00000000   Number         0  stubs.o ABSOLUTE
    _printf_u                                0x00000000   Number         0  stubs.o ABSOLUTE
    _printf_wc                               0x00000000   Number         0  stubs.o ABSOLUTE
    _printf_wctomb                           0x00000000   Number         0  stubs.o ABSOLUTE
    _printf_widthprec                        0x00000000   Number         0  stubs.o ABSOLUTE
    _printf_x                                0x00000000   Number         0  stubs.o ABSOLUTE
    __cpp_initialize__aeabi_                  - Undefined Weak Reference
    __cxa_finalize                            - Undefined Weak Reference
    __decompress                              - Undefined Weak Reference
    _clock_init                               - Undefined Weak Reference
    _microlib_exit                            - Undefined Weak Reference
    __Vectors_Size                           0x000000ec   Number         0  startup_stm32f103xb.o ABSOLUTE
    __Vectors                                0x08000000   Data           4  startup_stm32f103xb.o(RESET)
    __Vectors_End                            0x080000ec   Data           0  startup_stm32f103xb.o(RESET)
    __main                                   0x080000ed   Thumb Code     0  entry.o(.ARM.Collect$$$$00000000)
    _main_stk                                0x080000ed   Thumb Code     0  entry2.o(.ARM.Collect$$$$00000001)
    _main_scatterload                        0x080000f1   Thumb Code     0  entry5.o(.ARM.Collect$$$$00000004)
    __main_after_scatterload                 0x080000f5   Thumb Code     0  entry5.o(.ARM.Collect$$$$00000004)
    _main_clock                              0x080000f5   Thumb Code     0  entry7b.o(.ARM.Collect$$$$00000008)
    _main_cpp_init                           0x080000f5   Thumb Code     0  entry8b.o(.ARM.Collect$$$$0000000A)
    _main_init                               0x080000f5   Thumb Code     0  entry9a.o(.ARM.Collect$$$$0000000B)
    __rt_final_cpp                           0x080000fd   Thumb Code     0  entry10a.o(.ARM.Collect$$$$0000000D)
    __rt_final_exit                          0x080000fd   Thumb Code     0  entry11a.o(.ARM.Collect$$$$0000000F)
    Reset_Handler                            0x08000101   Thumb Code     8  startup_stm32f103xb.o(.text)
    ADC1_2_IRQHandler                        0x0800011b   Thumb Code     0  startup_stm32f103xb.o(.text)
    CAN1_RX1_IRQHandler                      0x0800011b   Thumb Code     0  startup_stm32f103xb.o(.text)
    CAN1_SCE_IRQHandler                      0x0800011b   Thumb Code     0  startup_stm32f103xb.o(.text)
    DMA1_Channel1_IRQHandler                 0x0800011b   Thumb Code     0  startup_stm32f103xb.o(.text)
    DMA1_Channel2_IRQHandler                 0x0800011b   Thumb Code     0  startup_stm32f103xb.o(.text)
    DMA1_Channel3_IRQHandler                 0x0800011b   Thumb Code     0  startup_stm32f103xb.o(.text)
    DMA1_Channel4_IRQHandler                 0x0800011b   Thumb Code     0  startup_stm32f103xb.o(.text)
    DMA1_Channel5_IRQHandler                 0x0800011b   Thumb Code     0  startup_stm32f103xb.o(.text)
    DMA1_Channel6_IRQHandler                 0x0800011b   Thumb Code     0  startup_stm32f103xb.o(.text)
    DMA1_Channel7_IRQHandler                 0x0800011b   Thumb Code     0  startup_stm32f103xb.o(.text)
    EXTI15_10_IRQHandler                     0x0800011b   Thumb Code     0  startup_stm32f103xb.o(.text)
    EXTI1_IRQHandler                         0x0800011b   Thumb Code     0  startup_stm32f103xb.o(.text)
    EXTI2_IRQHandler                         0x0800011b   Thumb Code     0  startup_stm32f103xb.o(.text)
    EXTI3_IRQHandler                         0x0800011b   Thumb Code     0  startup_stm32f103xb.o(.text)
    EXTI4_IRQHandler                         0x0800011b   Thumb Code     0  startup_stm32f103xb.o(.text)
    EXTI9_5_IRQHandler                       0x0800011b   Thumb Code     0  startup_stm32f103xb.o(.text)
    FLASH_IRQHandler                         0x0800011b   Thumb Code     0  startup_stm32f103xb.o(.text)
    I2C1_ER_IRQHandler                       0x0800011b   Thumb Code     0  startup_stm32f103xb.o(.text)
    I2C1_EV_IRQHandler                       0x0800011b   Thumb Code     0  startup_stm32f103xb.o(.text)
    I2C2_ER_IRQHandler                       0x0800011b   Thumb Code     0  startup_stm32f103xb.o(.text)
    I2C2_EV_IRQHandler                       0x0800011b   Thumb Code     0  startup_stm32f103xb.o(.text)
    PVD_IRQHandler                           0x0800011b   Thumb Code     0  startup_stm32f103xb.o(.text)
    RCC_IRQHandler                           0x0800011b   Thumb Code     0  startup_stm32f103xb.o(.text)
    RTC_Alarm_IRQHandler                     0x0800011b   Thumb Code     0  startup_stm32f103xb.o(.text)
    RTC_IRQHandler                           0x0800011b   Thumb Code     0  startup_stm32f103xb.o(.text)
    SPI1_IRQHandler                          0x0800011b   Thumb Code     0  startup_stm32f103xb.o(.text)
    SPI2_IRQHandler                          0x0800011b   Thumb Code     0  startup_stm32f103xb.o(.text)
    TAMPER_IRQHandler                        0x0800011b   Thumb Code     0  startup_stm32f103xb.o(.text)
    TIM1_BRK_IRQHandler                      0x0800011b   Thumb Code     0  startup_stm32f103xb.o(.text)
    TIM1_CC_IRQHandler                       0x0800011b   Thumb Code     0  startup_stm32f103xb.o(.text)
    TIM1_TRG_COM_IRQHandler                  0x0800011b   Thumb Code     0  startup_stm32f103xb.o(.text)
    TIM1_UP_IRQHandler                       0x0800011b   Thumb Code     0  startup_stm32f103xb.o(.text)
    TIM3_IRQHandler                          0x0800011b   Thumb Code     0  startup_stm32f103xb.o(.text)
    TIM4_IRQHandler                          0x0800011b   Thumb Code     0  startup_stm32f103xb.o(.text)
    USART2_IRQHandler                        0x0800011b   Thumb Code     0  startup_stm32f103xb.o(.text)
    USART3_IRQHandler                        0x0800011b   Thumb Code     0  startup_stm32f103xb.o(.text)
    USBWakeUp_IRQHandler                     0x0800011b   Thumb Code     0  startup_stm32f103xb.o(.text)
    USB_HP_CAN1_TX_IRQHandler                0x0800011b   Thumb Code     0  startup_stm32f103xb.o(.text)
    USB_LP_CAN1_RX0_IRQHandler               0x0800011b   Thumb Code     0  startup_stm32f103xb.o(.text)
    WWDG_IRQHandler                          0x0800011b   Thumb Code     0  startup_stm32f103xb.o(.text)
    __aeabi_llsr                             0x08000125   Thumb Code    32  llushr.o(.text)
    _ll_ushift_r                             0x08000125   Thumb Code     0  llushr.o(.text)
    rand                                     0x08000145   Thumb Code    20  rand.o(.text)
    srand                                    0x08000159   Thumb Code     6  rand.o(.text)
    __aeabi_memcpy                           0x08000169   Thumb Code    36  memcpya.o(.text)
    __aeabi_memcpy4                          0x08000169   Thumb Code     0  memcpya.o(.text)
    __aeabi_memcpy8                          0x08000169   Thumb Code     0  memcpya.o(.text)
    __aeabi_memset                           0x0800018d   Thumb Code    14  memseta.o(.text)
    __aeabi_memset4                          0x0800018d   Thumb Code     0  memseta.o(.text)
    __aeabi_memset8                          0x0800018d   Thumb Code     0  memseta.o(.text)
    __aeabi_memclr                           0x0800019b   Thumb Code     4  memseta.o(.text)
    __aeabi_memclr4                          0x0800019b   Thumb Code     0  memseta.o(.text)
    __aeabi_memclr8                          0x0800019b   Thumb Code     0  memseta.o(.text)
    _memset$wrapper                          0x0800019f   Thumb Code    18  memseta.o(.text)
    strstr                                   0x080001b1   Thumb Code    36  strstr.o(.text)
    strlen                                   0x080001d5   Thumb Code    14  strlen.o(.text)
    memcmp                                   0x080001e3   Thumb Code    26  memcmp.o(.text)
    strcpy                                   0x080001fd   Thumb Code    18  strcpy.o(.text)
    strncmp                                  0x0800020f   Thumb Code    30  strncmp.o(.text)
    __aeabi_uldivmod                         0x0800022d   Thumb Code    98  uldiv.o(.text)
    __scatterload                            0x08000291   Thumb Code    28  init.o(.text)
    __scatterload_rt2                        0x08000291   Thumb Code     0  init.o(.text)
    __aeabi_llsl                             0x080002b5   Thumb Code    30  llshl.o(.text)
    _ll_shift_l                              0x080002b5   Thumb Code     0  llshl.o(.text)
    ARP_clear_table                          0x080002d5   Thumb Code    38  arp.o(i.ARP_clear_table)
    ARP_read_packet                          0x08000309   Thumb Code   186  arp.o(i.ARP_read_packet)
    ARP_send_request                         0x080003cd   Thumb Code   124  arp.o(i.ARP_send_request)
    ARP_table_checkIP                        0x08000459   Thumb Code    66  arp.o(i.ARP_table_checkIP)
    ARP_table_get_MAC                        0x080004a1   Thumb Code    30  arp.o(i.ARP_table_get_MAC)
    ARP_table_setIP                          0x080004c5   Thumb Code   106  arp.o(i.ARP_table_setIP)
    BusFault_Handler                         0x08000575   Thumb Code     2  stm32f1xx_it.o(i.BusFault_Handler)
    DebugMon_Handler                         0x08000577   Thumb Code     2  stm32f1xx_it.o(i.DebugMon_Handler)
    ENC28J60_ReadBuffer                      0x08000579   Thumb Code    60  enc28j60.o(i.ENC28J60_ReadBuffer)
    ENC28J60_SetBank                         0x080005b9   Thumb Code    42  enc28j60.o(i.ENC28J60_SetBank)
    ENC28J60_error                           0x080005e9   Thumb Code     6  enc28j60.o(i.ENC28J60_error)
    ENC28J60_readByte                        0x08000619   Thumb Code    20  enc28j60.o(i.ENC28J60_readByte)
    ENC28J60_read_Byte_Buffer                0x0800062d   Thumb Code     8  enc28j60.o(i.ENC28J60_read_Byte_Buffer)
    ENC28J60_read_command                    0x08000635   Thumb Code    56  enc28j60.o(i.ENC28J60_read_command)
    ENC28J60_read_packet                     0x08000671   Thumb Code   136  enc28j60.o(i.ENC28J60_read_packet)
    ENC28J60_send_packet                     0x080006fd   Thumb Code    70  enc28j60.o(i.ENC28J60_send_packet)
    ENC28J60_writeBuf                        0x08000745   Thumb Code    52  enc28j60.o(i.ENC28J60_writeBuf)
    ENC28J60_writeByte                       0x0800077d   Thumb Code    24  enc28j60.o(i.ENC28J60_writeByte)
    ENC28J60_writeByte16                     0x08000795   Thumb Code    26  enc28j60.o(i.ENC28J60_writeByte16)
    ENC28J60_writePhy                        0x080007af   Thumb Code    32  enc28j60.o(i.ENC28J60_writePhy)
    ENC28J60_write_command                   0x080007d1   Thumb Code    52  enc28j60.o(i.ENC28J60_write_command)
    ENC29J600_ini                            0x08000809   Thumb Code   358  enc28j60.o(i.ENC29J600_ini)
    EXTI0_IRQHandler                         0x080009cd   Thumb Code     6  stm32f1xx_it.o(i.EXTI0_IRQHandler)
    HAL_DMA_Abort_IT                         0x080009d5   Thumb Code   148  stm32f1xx_hal_dma.o(i.HAL_DMA_Abort_IT)
    HAL_Delay                                0x08000a6d   Thumb Code    32  stm32f1xx_hal.o(i.HAL_Delay)
    HAL_GPIO_EXTI_Callback                   0x08000a91   Thumb Code    24  main.o(i.HAL_GPIO_EXTI_Callback)
    HAL_GPIO_EXTI_IRQHandler                 0x08000aa9   Thumb Code    18  stm32f1xx_hal_gpio.o(i.HAL_GPIO_EXTI_IRQHandler)
    HAL_GPIO_Init                            0x08000ac1   Thumb Code   446  stm32f1xx_hal_gpio.o(i.HAL_GPIO_Init)
    HAL_GPIO_WritePin                        0x08000ca1   Thumb Code    10  stm32f1xx_hal_gpio.o(i.HAL_GPIO_WritePin)
    HAL_GetTick                              0x08000cad   Thumb Code     6  stm32f1xx_hal.o(i.HAL_GetTick)
    HAL_IncTick                              0x08000cb9   Thumb Code    12  stm32f1xx_hal.o(i.HAL_IncTick)
    HAL_Init                                 0x08000cc9   Thumb Code    32  stm32f1xx_hal.o(i.HAL_Init)
    HAL_InitTick                             0x08000ced   Thumb Code    54  stm32f1xx_hal.o(i.HAL_InitTick)
    HAL_MspInit                              0x08000d2d   Thumb Code    52  stm32f1xx_hal_msp.o(i.HAL_MspInit)
    HAL_NVIC_EnableIRQ                       0x08000d69   Thumb Code    26  stm32f1xx_hal_cortex.o(i.HAL_NVIC_EnableIRQ)
    HAL_NVIC_SetPriority                     0x08000d85   Thumb Code    60  stm32f1xx_hal_cortex.o(i.HAL_NVIC_SetPriority)
    HAL_NVIC_SetPriorityGrouping             0x08000dc5   Thumb Code    26  stm32f1xx_hal_cortex.o(i.HAL_NVIC_SetPriorityGrouping)
    HAL_RCC_ClockConfig                      0x08000de9   Thumb Code   280  stm32f1xx_hal_rcc.o(i.HAL_RCC_ClockConfig)
    HAL_RCC_GetPCLK1Freq                     0x08000f15   Thumb Code    20  stm32f1xx_hal_rcc.o(i.HAL_RCC_GetPCLK1Freq)
    HAL_RCC_GetPCLK2Freq                     0x08000f35   Thumb Code    20  stm32f1xx_hal_rcc.o(i.HAL_RCC_GetPCLK2Freq)
    HAL_RCC_GetSysClockFreq                  0x08000f55   Thumb Code    74  stm32f1xx_hal_rcc.o(i.HAL_RCC_GetSysClockFreq)
    HAL_RCC_OscConfig                        0x08000fc1   Thumb Code   778  stm32f1xx_hal_rcc.o(i.HAL_RCC_OscConfig)
    HAL_SPI_Init                             0x080012e1   Thumb Code   124  stm32f1xx_hal_spi.o(i.HAL_SPI_Init)
    HAL_SPI_MspInit                          0x0800135d   Thumb Code    98  stm32f1xx_hal_msp.o(i.HAL_SPI_MspInit)
    HAL_SPI_Transmit                         0x080013cd   Thumb Code   348  stm32f1xx_hal_spi.o(i.HAL_SPI_Transmit)
    HAL_SPI_TransmitReceive                  0x08001529   Thumb Code   482  stm32f1xx_hal_spi.o(i.HAL_SPI_TransmitReceive)
    HAL_SYSTICK_Config                       0x0800170b   Thumb Code    40  stm32f1xx_hal_cortex.o(i.HAL_SYSTICK_Config)
    HAL_TIMEx_BreakCallback                  0x08001733   Thumb Code     2  stm32f1xx_hal_tim_ex.o(i.HAL_TIMEx_BreakCallback)
    HAL_TIMEx_CommutCallback                 0x08001735   Thumb Code     2  stm32f1xx_hal_tim_ex.o(i.HAL_TIMEx_CommutCallback)
    HAL_TIMEx_MasterConfigSynchronization    0x08001737   Thumb Code    66  stm32f1xx_hal_tim_ex.o(i.HAL_TIMEx_MasterConfigSynchronization)
    HAL_TIM_Base_Init                        0x08001779   Thumb Code    54  stm32f1xx_hal_tim.o(i.HAL_TIM_Base_Init)
    HAL_TIM_Base_MspInit                     0x080017b1   Thumb Code    50  stm32f1xx_hal_msp.o(i.HAL_TIM_Base_MspInit)
    HAL_TIM_Base_Start_IT                    0x080017e9   Thumb Code    34  stm32f1xx_hal_tim.o(i.HAL_TIM_Base_Start_IT)
    HAL_TIM_ConfigClockSource                0x0800180b   Thumb Code   214  stm32f1xx_hal_tim.o(i.HAL_TIM_ConfigClockSource)
    HAL_TIM_IC_CaptureCallback               0x080018e1   Thumb Code     2  stm32f1xx_hal_tim.o(i.HAL_TIM_IC_CaptureCallback)
    HAL_TIM_IRQHandler                       0x080018e3   Thumb Code   358  stm32f1xx_hal_tim.o(i.HAL_TIM_IRQHandler)
    HAL_TIM_OC_DelayElapsedCallback          0x08001a49   Thumb Code     2  stm32f1xx_hal_tim.o(i.HAL_TIM_OC_DelayElapsedCallback)
    HAL_TIM_PWM_PulseFinishedCallback        0x08001a4b   Thumb Code     2  stm32f1xx_hal_tim.o(i.HAL_TIM_PWM_PulseFinishedCallback)
    HAL_TIM_PeriodElapsedCallback            0x08001a4d   Thumb Code    14  main.o(i.HAL_TIM_PeriodElapsedCallback)
    HAL_TIM_TriggerCallback                  0x08001a5b   Thumb Code     2  stm32f1xx_hal_tim.o(i.HAL_TIM_TriggerCallback)
    HAL_UART_ErrorCallback                   0x08001a5d   Thumb Code     2  stm32f1xx_hal_uart.o(i.HAL_UART_ErrorCallback)
    HAL_UART_IRQHandler                      0x08001a61   Thumb Code   266  stm32f1xx_hal_uart.o(i.HAL_UART_IRQHandler)
    HAL_UART_Init                            0x08001b71   Thumb Code    98  stm32f1xx_hal_uart.o(i.HAL_UART_Init)
    HAL_UART_MspInit                         0x08001bd5   Thumb Code   116  stm32f1xx_hal_msp.o(i.HAL_UART_MspInit)
    HAL_UART_Receive_IT                      0x08001c55   Thumb Code    82  stm32f1xx_hal_uart.o(i.HAL_UART_Receive_IT)
    HAL_UART_RxCpltCallback                  0x08001ca9   Thumb Code    36  main.o(i.HAL_UART_RxCpltCallback)
    HAL_UART_Transmit                        0x08001cd5   Thumb Code   186  stm32f1xx_hal_uart.o(i.HAL_UART_Transmit)
    HAL_UART_TxCpltCallback                  0x08001d8f   Thumb Code     2  stm32f1xx_hal_uart.o(i.HAL_UART_TxCpltCallback)
    HTTP_get_Sequence_Number                 0x08001d91   Thumb Code     6  http.o(i.HTTP_get_Sequence_Number)
    HTTP_get_data_num                        0x08001d9d   Thumb Code    58  http.o(i.HTTP_get_data_num)
    HTTP_get_status                          0x08001de1   Thumb Code     6  http.o(i.HTTP_get_status)
    HTTP_pack_init                           0x08001ded   Thumb Code    12  http.o(i.HTTP_pack_init)
    HTTP_set_Sequence_Number                 0x08001dfd   Thumb Code     6  http.o(i.HTTP_set_Sequence_Number)
    HTTP_set_status                          0x08001e09   Thumb Code     6  http.o(i.HTTP_set_status)
    HardFault_Handler                        0x08001e15   Thumb Code     2  stm32f1xx_it.o(i.HardFault_Handler)
    ICMP_checksum                            0x08001e17   Thumb Code    66  icmp.o(i.ICMP_checksum)
    ICMP_ping_reply                          0x08001e59   Thumb Code    70  icmp.o(i.ICMP_ping_reply)
    ICMP_read                                0x08001ea1   Thumb Code    42  icmp.o(i.ICMP_read)
    MemManage_Handler                        0x08001ff1   Thumb Code     2  stm32f1xx_it.o(i.MemManage_Handler)
    NET_SendFrame                            0x08001ff3   Thumb Code     4  net.o(i.NET_SendFrame)
    NET_ipRead                               0x08001ff7   Thumb Code    28  net.o(i.NET_ipRead)
    NET_ipchecksum                           0x08002013   Thumb Code    50  net.o(i.NET_ipchecksum)
    NET_loop                                 0x08002045   Thumb Code    28  net.o(i.NET_loop)
    NET_read                                 0x08002065   Thumb Code    30  net.o(i.NET_read)
    NMI_Handler                              0x08002083   Thumb Code     2  stm32f1xx_it.o(i.NMI_Handler)
    PendSV_Handler                           0x08002085   Thumb Code     2  stm32f1xx_it.o(i.PendSV_Handler)
    SPI_ReceiveByte                          0x080020a9   Thumb Code    32  enc28j60.o(i.SPI_ReceiveByte)
    SPI_SendByte                             0x080020cd   Thumb Code    18  enc28j60.o(i.SPI_SendByte)
    SVC_Handler                              0x08002179   Thumb Code     2  stm32f1xx_it.o(i.SVC_Handler)
    SysTick_Handler                          0x0800217b   Thumb Code     4  stm32f1xx_it.o(i.SysTick_Handler)
    SystemClock_Config                       0x0800217f   Thumb Code    78  main.o(i.SystemClock_Config)
    SystemInit                               0x080021cd   Thumb Code    56  system_stm32f1xx.o(i.SystemInit)
    TCP_Connect                              0x08002215   Thumb Code   106  tcp.o(i.TCP_Connect)
    TCP_checksum                             0x080022e1   Thumb Code    70  tcp.o(i.TCP_checksum)
    TCP_make_herder                          0x08002329   Thumb Code   750  tcp.o(i.TCP_make_herder)
    TCP_read                                 0x08002629   Thumb Code   464  tcp.o(i.TCP_read)
    TCP_readData                             0x08002891   Thumb Code   126  tcp.o(i.TCP_readData)
    TCP_send                                 0x08002919   Thumb Code    90  tcp.o(i.TCP_send)
    TCP_sendData                             0x08002975   Thumb Code   116  tcp.o(i.TCP_sendData)
    TCP_sendSYN                              0x08002a31   Thumb Code   176  tcp.o(i.TCP_sendSYN)
    TIM2_IRQHandler                          0x08002b0d   Thumb Code     6  stm32f1xx_it.o(i.TIM2_IRQHandler)
    TIM_Base_SetConfig                       0x08002b19   Thumb Code    94  stm32f1xx_hal_tim.o(i.TIM_Base_SetConfig)
    TIM_ETR_SetConfig                        0x08002b85   Thumb Code    20  stm32f1xx_hal_tim.o(i.TIM_ETR_SetConfig)
    UART_init                                0x08002e31   Thumb Code     6  uart.o(i.UART_init)
    UART_putChar                             0x08002e3d   Thumb Code    22  uart.o(i.UART_putChar)
    UART_putString                           0x08002e59   Thumb Code    26  uart.o(i.UART_putString)
    UDP_checksum                             0x08002e79   Thumb Code    74  udp.o(i.UDP_checksum)
    UDP_read                                 0x08002ec5   Thumb Code   242  udp.o(i.UDP_read)
    UDP_send                                 0x08003081   Thumb Code   250  udp.o(i.UDP_send)
    UDP_send_with_mac                        0x0800319d   Thumb Code   164  udp.o(i.UDP_send_with_mac)
    USART1_IRQHandler                        0x08003245   Thumb Code     6  stm32f1xx_it.o(i.USART1_IRQHandler)
    UsageFault_Handler                       0x08003251   Thumb Code     2  stm32f1xx_it.o(i.UsageFault_Handler)
    __0sprintf$8                             0x08003255   Thumb Code    34  printf8.o(i.__0sprintf$8)
    __1sprintf$8                             0x08003255   Thumb Code     0  printf8.o(i.__0sprintf$8)
    __2sprintf                               0x08003255   Thumb Code     0  printf8.o(i.__0sprintf$8)
    __scatterload_copy                       0x0800329d   Thumb Code    14  handlers.o(i.__scatterload_copy)
    __scatterload_null                       0x080032ab   Thumb Code     2  handlers.o(i.__scatterload_null)
    __scatterload_zeroinit                   0x080032ad   Thumb Code    14  handlers.o(i.__scatterload_zeroinit)
    clear_RX                                 0x08003729   Thumb Code    20  main.o(i.clear_RX)
    dhcp_discover                            0x08003745   Thumb Code   256  dhcp.o(i.dhcp_discover)
    dhcp_getGateway                          0x08003855   Thumb Code   128  dhcp.o(i.dhcp_getGateway)
    main                                     0x08003949   Thumb Code   146  main.o(i.main)
    net_SetStatus                            0x080039e9   Thumb Code    14  net.o(i.net_SetStatus)
    net_readEnable                           0x080039fd   Thumb Code     6  net.o(i.net_readEnable)
    macaddr                                  0x08003a08   Data           6  enc28j60.o(.constdata)
    web_page                                 0x08003a0e   Data        1298  http.o(.constdata)
    AHBPrescTable                            0x08003f20   Data          16  system_stm32f1xx.o(.constdata)
    APBPrescTable                            0x08003f30   Data           8  system_stm32f1xx.o(.constdata)
    Region$$Table$$Base                      0x08003f38   Number         0  anon$$obj.o(Region$$Table)
    Region$$Table$$Limit                     0x08003f58   Number         0  anon$$obj.o(Region$$Table)
    ARP_table_index                          0x20000000   Data           1  arp.o(.data)
    ARP_clear_time                           0x20000004   Data           4  arp.o(.data)
    getip_ok                                 0x20000008   Data           1  dhcp.o(.data)
    ip_nguon                                 0x20000009   Data           4  dhcp.o(.data)
    ip_dich                                  0x2000000d   Data           4  dhcp.o(.data)
    boar_cast                                0x20000011   Data           6  dhcp.o(.data)
    ip                                       0x20000017   Data           4  enc28j60.o(.data)
    Enc28j60Bank                             0x2000001c   Data           1  enc28j60.o(.data)
    gateway_ip                               0x20000024   Data           4  enc28j60.o(.data)
    gateway_mac                              0x20000028   Data           6  enc28j60.o(.data)
    status                                   0x20000030   Data           1  http.o(.data)
    data_num                                 0x20000034   Data           4  http.o(.data)
    Sequence_Number                          0x20000038   Data           4  http.o(.data)
    net_readOK                               0x2000003c   Data           1  net.o(.data)
    RX_DATA                                  0x20000044   Data           1  main.o(.data)
    RX_index                                 0x20000045   Data           1  main.o(.data)
    ip_server                                0x20000046   Data           4  main.o(.data)
    uwTickFreq                               0x2000004c   Data           1  stm32f1xx_hal.o(.data)
    uwTickPrio                               0x20000050   Data           4  stm32f1xx_hal.o(.data)
    uwTick                                   0x20000054   Data           4  stm32f1xx_hal.o(.data)
    SystemCoreClock                          0x20000058   Data           4  system_stm32f1xx.o(.data)
    ARP_table                                0x20000060   Data          50  arp.o(.bss)
    debug_string                             0x20000092   Data          60  enc28j60.o(.bss)
    eth_buffer                               0x200000ce   Data         512  net.o(.bss)
    tcp_client1                              0x200002ce   Data          23  tcp.o(.bss)
    hspi1                                    0x200002e8   Data          88  main.o(.bss)
    htim2                                    0x20000340   Data          64  main.o(.bss)
    huart1                                   0x20000380   Data          64  main.o(.bss)
    RX_BUFF                                  0x200003c0   Data          99  main.o(.bss)
    __initial_sp                             0x20000828   Data           0  startup_stm32f103xb.o(STACK)



==============================================================================

Memory Map of the image

  Image Entry point : 0x080000ed

  Load Region LR_IROM1 (Base: 0x08000000, Size: 0x00003fb8, Max: 0x00010000, ABSOLUTE)

    Execution Region ER_IROM1 (Exec base: 0x08000000, Load base: 0x08000000, Size: 0x00003f58, Max: 0x00010000, ABSOLUTE)

    Exec Addr    Load Addr    Size         Type   Attr      Idx    E Section Name        Object

    0x08000000   0x08000000   0x000000ec   Data   RO            3    RESET               startup_stm32f103xb.o
    0x080000ec   0x080000ec   0x00000000   Code   RO         3562  * .ARM.Collect$$$$00000000  mc_w.l(entry.o)
    0x080000ec   0x080000ec   0x00000004   Code   RO         3847    .ARM.Collect$$$$00000001  mc_w.l(entry2.o)
    0x080000f0   0x080000f0   0x00000004   Code   RO         3850    .ARM.Collect$$$$00000004  mc_w.l(entry5.o)
    0x080000f4   0x080000f4   0x00000000   Code   RO         3852    .ARM.Collect$$$$00000008  mc_w.l(entry7b.o)
    0x080000f4   0x080000f4   0x00000000   Code   RO         3854    .ARM.Collect$$$$0000000A  mc_w.l(entry8b.o)
    0x080000f4   0x080000f4   0x00000008   Code   RO         3855    .ARM.Collect$$$$0000000B  mc_w.l(entry9a.o)
    0x080000fc   0x080000fc   0x00000000   Code   RO         3857    .ARM.Collect$$$$0000000D  mc_w.l(entry10a.o)
    0x080000fc   0x080000fc   0x00000000   Code   RO         3859    .ARM.Collect$$$$0000000F  mc_w.l(entry11a.o)
    0x080000fc   0x080000fc   0x00000004   Code   RO         3848    .ARM.Collect$$$$00002712  mc_w.l(entry2.o)
    0x08000100   0x08000100   0x00000024   Code   RO            4    .text               startup_stm32f103xb.o
    0x08000124   0x08000124   0x00000020   Code   RO         3565    .text               mc_w.l(llushr.o)
    0x08000144   0x08000144   0x00000024   Code   RO         3567    .text               mc_w.l(rand.o)
    0x08000168   0x08000168   0x00000024   Code   RO         3570    .text               mc_w.l(memcpya.o)
    0x0800018c   0x0800018c   0x00000024   Code   RO         3572    .text               mc_w.l(memseta.o)
    0x080001b0   0x080001b0   0x00000024   Code   RO         3574    .text               mc_w.l(strstr.o)
    0x080001d4   0x080001d4   0x0000000e   Code   RO         3576    .text               mc_w.l(strlen.o)
    0x080001e2   0x080001e2   0x0000001a   Code   RO         3578    .text               mc_w.l(memcmp.o)
    0x080001fc   0x080001fc   0x00000012   Code   RO         3580    .text               mc_w.l(strcpy.o)
    0x0800020e   0x0800020e   0x0000001e   Code   RO         3582    .text               mc_w.l(strncmp.o)
    0x0800022c   0x0800022c   0x00000062   Code   RO         3866    .text               mc_w.l(uldiv.o)
    0x0800028e   0x0800028e   0x00000002   PAD
    0x08000290   0x08000290   0x00000024   Code   RO         3879    .text               mc_w.l(init.o)
    0x080002b4   0x080002b4   0x0000001e   Code   RO         3882    .text               mc_w.l(llshl.o)
    0x080002d2   0x080002d2   0x00000002   PAD
    0x080002d4   0x080002d4   0x00000034   Code   RO           13    i.ARP_clear_table   arp.o
    0x08000308   0x08000308   0x000000c4   Code   RO           14    i.ARP_read_packet   arp.o
    0x080003cc   0x080003cc   0x0000008c   Code   RO           16    i.ARP_send_request  arp.o
    0x08000458   0x08000458   0x00000048   Code   RO           17    i.ARP_table_checkIP  arp.o
    0x080004a0   0x080004a0   0x00000024   Code   RO           18    i.ARP_table_get_MAC  arp.o
    0x080004c4   0x080004c4   0x000000b0   Code   RO           19    i.ARP_table_setIP   arp.o
    0x08000574   0x08000574   0x00000002   Code   RO          786    i.BusFault_Handler  stm32f1xx_it.o
    0x08000576   0x08000576   0x00000002   Code   RO          787    i.DebugMon_Handler  stm32f1xx_it.o
    0x08000578   0x08000578   0x00000040   Code   RO          240    i.ENC28J60_ReadBuffer  enc28j60.o
    0x080005b8   0x080005b8   0x00000030   Code   RO          241    i.ENC28J60_SetBank  enc28j60.o
    0x080005e8   0x080005e8   0x00000030   Code   RO          242    i.ENC28J60_error    enc28j60.o
    0x08000618   0x08000618   0x00000014   Code   RO          243    i.ENC28J60_readByte  enc28j60.o
    0x0800062c   0x0800062c   0x00000008   Code   RO          245    i.ENC28J60_read_Byte_Buffer  enc28j60.o
    0x08000634   0x08000634   0x0000003c   Code   RO          246    i.ENC28J60_read_command  enc28j60.o
    0x08000670   0x08000670   0x0000008c   Code   RO          247    i.ENC28J60_read_packet  enc28j60.o
    0x080006fc   0x080006fc   0x00000046   Code   RO          248    i.ENC28J60_send_packet  enc28j60.o
    0x08000742   0x08000742   0x00000002   PAD
    0x08000744   0x08000744   0x00000038   Code   RO          249    i.ENC28J60_writeBuf  enc28j60.o
    0x0800077c   0x0800077c   0x00000018   Code   RO          250    i.ENC28J60_writeByte  enc28j60.o
    0x08000794   0x08000794   0x0000001a   Code   RO          251    i.ENC28J60_writeByte16  enc28j60.o
    0x080007ae   0x080007ae   0x00000020   Code   RO          252    i.ENC28J60_writePhy  enc28j60.o
    0x080007ce   0x080007ce   0x00000002   PAD
    0x080007d0   0x080007d0   0x00000038   Code   RO          253    i.ENC28J60_write_command  enc28j60.o
    0x08000808   0x08000808   0x000001c4   Code   RO          254    i.ENC29J600_ini     enc28j60.o
    0x080009cc   0x080009cc   0x00000006   Code   RO          788    i.EXTI0_IRQHandler  stm32f1xx_it.o
    0x080009d2   0x080009d2   0x00000002   PAD
    0x080009d4   0x080009d4   0x00000098   Code   RO         1678    i.HAL_DMA_Abort_IT  stm32f1xx_hal_dma.o
    0x08000a6c   0x08000a6c   0x00000024   Code   RO         1305    i.HAL_Delay         stm32f1xx_hal.o
    0x08000a90   0x08000a90   0x00000018   Code   RO          679    i.HAL_GPIO_EXTI_Callback  main.o
    0x08000aa8   0x08000aa8   0x00000018   Code   RO         1612    i.HAL_GPIO_EXTI_IRQHandler  stm32f1xx_hal_gpio.o
    0x08000ac0   0x08000ac0   0x000001e0   Code   RO         1613    i.HAL_GPIO_Init     stm32f1xx_hal_gpio.o
    0x08000ca0   0x08000ca0   0x0000000a   Code   RO         1617    i.HAL_GPIO_WritePin  stm32f1xx_hal_gpio.o
    0x08000caa   0x08000caa   0x00000002   PAD
    0x08000cac   0x08000cac   0x0000000c   Code   RO         1309    i.HAL_GetTick       stm32f1xx_hal.o
    0x08000cb8   0x08000cb8   0x00000010   Code   RO         1315    i.HAL_IncTick       stm32f1xx_hal.o
    0x08000cc8   0x08000cc8   0x00000024   Code   RO         1316    i.HAL_Init          stm32f1xx_hal.o
    0x08000cec   0x08000cec   0x00000040   Code   RO         1317    i.HAL_InitTick      stm32f1xx_hal.o
    0x08000d2c   0x08000d2c   0x0000003c   Code   RO          880    i.HAL_MspInit       stm32f1xx_hal_msp.o
    0x08000d68   0x08000d68   0x0000001a   Code   RO         1773    i.HAL_NVIC_EnableIRQ  stm32f1xx_hal_cortex.o
    0x08000d82   0x08000d82   0x00000002   PAD
    0x08000d84   0x08000d84   0x00000040   Code   RO         1779    i.HAL_NVIC_SetPriority  stm32f1xx_hal_cortex.o
    0x08000dc4   0x08000dc4   0x00000024   Code   RO         1780    i.HAL_NVIC_SetPriorityGrouping  stm32f1xx_hal_cortex.o
    0x08000de8   0x08000de8   0x0000012c   Code   RO         1473    i.HAL_RCC_ClockConfig  stm32f1xx_hal_rcc.o
    0x08000f14   0x08000f14   0x00000020   Code   RO         1480    i.HAL_RCC_GetPCLK1Freq  stm32f1xx_hal_rcc.o
    0x08000f34   0x08000f34   0x00000020   Code   RO         1481    i.HAL_RCC_GetPCLK2Freq  stm32f1xx_hal_rcc.o
    0x08000f54   0x08000f54   0x0000006c   Code   RO         1482    i.HAL_RCC_GetSysClockFreq  stm32f1xx_hal_rcc.o
    0x08000fc0   0x08000fc0   0x00000320   Code   RO         1485    i.HAL_RCC_OscConfig  stm32f1xx_hal_rcc.o
    0x080012e0   0x080012e0   0x0000007c   Code   RO          987    i.HAL_SPI_Init      stm32f1xx_hal_spi.o
    0x0800135c   0x0800135c   0x00000070   Code   RO          882    i.HAL_SPI_MspInit   stm32f1xx_hal_msp.o
    0x080013cc   0x080013cc   0x0000015c   Code   RO          995    i.HAL_SPI_Transmit  stm32f1xx_hal_spi.o
    0x08001528   0x08001528   0x000001e2   Code   RO          996    i.HAL_SPI_TransmitReceive  stm32f1xx_hal_spi.o
    0x0800170a   0x0800170a   0x00000028   Code   RO         1784    i.HAL_SYSTICK_Config  stm32f1xx_hal_cortex.o
    0x08001732   0x08001732   0x00000002   Code   RO         2950    i.HAL_TIMEx_BreakCallback  stm32f1xx_hal_tim_ex.o
    0x08001734   0x08001734   0x00000002   Code   RO         2951    i.HAL_TIMEx_CommutCallback  stm32f1xx_hal_tim_ex.o
    0x08001736   0x08001736   0x00000042   Code   RO         2968    i.HAL_TIMEx_MasterConfigSynchronization  stm32f1xx_hal_tim_ex.o
    0x08001778   0x08001778   0x00000036   Code   RO         2275    i.HAL_TIM_Base_Init  stm32f1xx_hal_tim.o
    0x080017ae   0x080017ae   0x00000002   PAD
    0x080017b0   0x080017b0   0x00000038   Code   RO          884    i.HAL_TIM_Base_MspInit  stm32f1xx_hal_msp.o
    0x080017e8   0x080017e8   0x00000022   Code   RO         2280    i.HAL_TIM_Base_Start_IT  stm32f1xx_hal_tim.o
    0x0800180a   0x0800180a   0x000000d6   Code   RO         2284    i.HAL_TIM_ConfigClockSource  stm32f1xx_hal_tim.o
    0x080018e0   0x080018e0   0x00000002   Code   RO         2304    i.HAL_TIM_IC_CaptureCallback  stm32f1xx_hal_tim.o
    0x080018e2   0x080018e2   0x00000166   Code   RO         2318    i.HAL_TIM_IRQHandler  stm32f1xx_hal_tim.o
    0x08001a48   0x08001a48   0x00000002   Code   RO         2321    i.HAL_TIM_OC_DelayElapsedCallback  stm32f1xx_hal_tim.o
    0x08001a4a   0x08001a4a   0x00000002   Code   RO         2348    i.HAL_TIM_PWM_PulseFinishedCallback  stm32f1xx_hal_tim.o
    0x08001a4c   0x08001a4c   0x0000000e   Code   RO          680    i.HAL_TIM_PeriodElapsedCallback  main.o
    0x08001a5a   0x08001a5a   0x00000002   Code   RO         2361    i.HAL_TIM_TriggerCallback  stm32f1xx_hal_tim.o
    0x08001a5c   0x08001a5c   0x00000002   Code   RO         3222    i.HAL_UART_ErrorCallback  stm32f1xx_hal_uart.o
    0x08001a5e   0x08001a5e   0x00000002   PAD
    0x08001a60   0x08001a60   0x00000110   Code   RO         3225    i.HAL_UART_IRQHandler  stm32f1xx_hal_uart.o
    0x08001b70   0x08001b70   0x00000062   Code   RO         3226    i.HAL_UART_Init     stm32f1xx_hal_uart.o
    0x08001bd2   0x08001bd2   0x00000002   PAD
    0x08001bd4   0x08001bd4   0x00000080   Code   RO          886    i.HAL_UART_MspInit  stm32f1xx_hal_msp.o
    0x08001c54   0x08001c54   0x00000052   Code   RO         3231    i.HAL_UART_Receive_IT  stm32f1xx_hal_uart.o
    0x08001ca6   0x08001ca6   0x00000002   PAD
    0x08001ca8   0x08001ca8   0x0000002c   Code   RO          681    i.HAL_UART_RxCpltCallback  main.o
    0x08001cd4   0x08001cd4   0x000000ba   Code   RO         3234    i.HAL_UART_Transmit  stm32f1xx_hal_uart.o
    0x08001d8e   0x08001d8e   0x00000002   Code   RO         3237    i.HAL_UART_TxCpltCallback  stm32f1xx_hal_uart.o
    0x08001d90   0x08001d90   0x0000000c   Code   RO          360    i.HTTP_get_Sequence_Number  http.o
    0x08001d9c   0x08001d9c   0x00000044   Code   RO          361    i.HTTP_get_data_num  http.o
    0x08001de0   0x08001de0   0x0000000c   Code   RO          362    i.HTTP_get_status   http.o
    0x08001dec   0x08001dec   0x00000010   Code   RO          363    i.HTTP_pack_init    http.o
    0x08001dfc   0x08001dfc   0x0000000c   Code   RO          364    i.HTTP_set_Sequence_Number  http.o
    0x08001e08   0x08001e08   0x0000000c   Code   RO          365    i.HTTP_set_status   http.o
    0x08001e14   0x08001e14   0x00000002   Code   RO          789    i.HardFault_Handler  stm32f1xx_it.o
    0x08001e16   0x08001e16   0x00000042   Code   RO          420    i.ICMP_checksum     icmp.o
    0x08001e58   0x08001e58   0x00000046   Code   RO          421    i.ICMP_ping_reply   icmp.o
    0x08001e9e   0x08001e9e   0x00000002   PAD
    0x08001ea0   0x08001ea0   0x00000030   Code   RO          422    i.ICMP_read         icmp.o
    0x08001ed0   0x08001ed0   0x00000094   Code   RO          682    i.MX_GPIO_Init      main.o
    0x08001f64   0x08001f64   0x00000038   Code   RO          683    i.MX_SPI1_Init      main.o
    0x08001f9c   0x08001f9c   0x00000054   Code   RO          684    i.MX_TIM2_Init      main.o
    0x08001ff0   0x08001ff0   0x00000002   Code   RO          790    i.MemManage_Handler  stm32f1xx_it.o
    0x08001ff2   0x08001ff2   0x00000004   Code   RO          457    i.NET_SendFrame     net.o
    0x08001ff6   0x08001ff6   0x0000001c   Code   RO          458    i.NET_ipRead        net.o
    0x08002012   0x08002012   0x00000032   Code   RO          459    i.NET_ipchecksum    net.o
    0x08002044   0x08002044   0x00000020   Code   RO          460    i.NET_loop          net.o
    0x08002064   0x08002064   0x0000001e   Code   RO          461    i.NET_read          net.o
    0x08002082   0x08002082   0x00000002   Code   RO          791    i.NMI_Handler       stm32f1xx_it.o
    0x08002084   0x08002084   0x00000002   Code   RO          792    i.PendSV_Handler    stm32f1xx_it.o
    0x08002086   0x08002086   0x00000020   Code   RO         1025    i.SPI_EndRxTxTransaction  stm32f1xx_hal_spi.o
    0x080020a6   0x080020a6   0x00000002   PAD
    0x080020a8   0x080020a8   0x00000024   Code   RO          255    i.SPI_ReceiveByte   enc28j60.o
    0x080020cc   0x080020cc   0x00000018   Code   RO          256    i.SPI_SendByte      enc28j60.o
    0x080020e4   0x080020e4   0x00000094   Code   RO         1030    i.SPI_WaitFlagStateUntilTimeout  stm32f1xx_hal_spi.o
    0x08002178   0x08002178   0x00000002   Code   RO          793    i.SVC_Handler       stm32f1xx_it.o
    0x0800217a   0x0800217a   0x00000004   Code   RO          794    i.SysTick_Handler   stm32f1xx_it.o
    0x0800217e   0x0800217e   0x0000004e   Code   RO          685    i.SystemClock_Config  main.o
    0x080021cc   0x080021cc   0x00000048   Code   RO         3528    i.SystemInit        system_stm32f1xx.o
    0x08002214   0x08002214   0x000000cc   Code   RO          521    i.TCP_Connect       tcp.o
    0x080022e0   0x080022e0   0x00000046   Code   RO          523    i.TCP_checksum      tcp.o
    0x08002326   0x08002326   0x00000002   PAD
    0x08002328   0x08002328   0x00000300   Code   RO          524    i.TCP_make_herder   tcp.o
    0x08002628   0x08002628   0x00000268   Code   RO          525    i.TCP_read          tcp.o
    0x08002890   0x08002890   0x00000088   Code   RO          526    i.TCP_readData      tcp.o
    0x08002918   0x08002918   0x0000005a   Code   RO          527    i.TCP_send          tcp.o
    0x08002972   0x08002972   0x00000002   PAD
    0x08002974   0x08002974   0x000000bc   Code   RO          528    i.TCP_sendData      tcp.o
    0x08002a30   0x08002a30   0x000000dc   Code   RO          529    i.TCP_sendSYN       tcp.o
    0x08002b0c   0x08002b0c   0x0000000c   Code   RO          795    i.TIM2_IRQHandler   stm32f1xx_it.o
    0x08002b18   0x08002b18   0x0000006c   Code   RO         2363    i.TIM_Base_SetConfig  stm32f1xx_hal_tim.o
    0x08002b84   0x08002b84   0x00000014   Code   RO         2374    i.TIM_ETR_SetConfig  stm32f1xx_hal_tim.o
    0x08002b98   0x08002b98   0x00000010   Code   RO         2375    i.TIM_ITRx_SetConfig  stm32f1xx_hal_tim.o
    0x08002ba8   0x08002ba8   0x00000022   Code   RO         2381    i.TIM_TI1_ConfigInputStage  stm32f1xx_hal_tim.o
    0x08002bca   0x08002bca   0x00000024   Code   RO         2383    i.TIM_TI2_ConfigInputStage  stm32f1xx_hal_tim.o
    0x08002bee   0x08002bee   0x00000010   Code   RO         3239    i.UART_DMAAbortOnError  stm32f1xx_hal_uart.o
    0x08002bfe   0x08002bfe   0x0000001c   Code   RO         3249    i.UART_EndRxTransfer  stm32f1xx_hal_uart.o
    0x08002c1a   0x08002c1a   0x00000096   Code   RO         3251    i.UART_Receive_IT   stm32f1xx_hal_uart.o
    0x08002cb0   0x08002cb0   0x000000b8   Code   RO         3252    i.UART_SetConfig    stm32f1xx_hal_uart.o
    0x08002d68   0x08002d68   0x00000062   Code   RO         3253    i.UART_Transmit_IT  stm32f1xx_hal_uart.o
    0x08002dca   0x08002dca   0x00000064   Code   RO         3254    i.UART_WaitOnFlagUntilTimeout  stm32f1xx_hal_uart.o
    0x08002e2e   0x08002e2e   0x00000002   PAD
    0x08002e30   0x08002e30   0x0000000c   Code   RO          597    i.UART_init         uart.o
    0x08002e3c   0x08002e3c   0x0000001c   Code   RO          598    i.UART_putChar      uart.o
    0x08002e58   0x08002e58   0x00000020   Code   RO          599    i.UART_putString    uart.o
    0x08002e78   0x08002e78   0x0000004a   Code   RO          635    i.UDP_checksum      udp.o
    0x08002ec2   0x08002ec2   0x00000002   PAD
    0x08002ec4   0x08002ec4   0x000001bc   Code   RO          636    i.UDP_read          udp.o
    0x08003080   0x08003080   0x0000011c   Code   RO          637    i.UDP_send          udp.o
    0x0800319c   0x0800319c   0x000000a8   Code   RO          638    i.UDP_send_with_mac  udp.o
    0x08003244   0x08003244   0x0000000c   Code   RO          796    i.USART1_IRQHandler  stm32f1xx_it.o
    0x08003250   0x08003250   0x00000002   Code   RO          797    i.UsageFault_Handler  stm32f1xx_it.o
    0x08003252   0x08003252   0x00000002   PAD
    0x08003254   0x08003254   0x00000028   Code   RO         3795    i.__0sprintf$8      mc_w.l(printf8.o)
    0x0800327c   0x0800327c   0x00000020   Code   RO         1786    i.__NVIC_SetPriority  stm32f1xx_hal_cortex.o
    0x0800329c   0x0800329c   0x0000000e   Code   RO         3891    i.__scatterload_copy  mc_w.l(handlers.o)
    0x080032aa   0x080032aa   0x00000002   Code   RO         3892    i.__scatterload_null  mc_w.l(handlers.o)
    0x080032ac   0x080032ac   0x0000000e   Code   RO         3893    i.__scatterload_zeroinit  mc_w.l(handlers.o)
    0x080032ba   0x080032ba   0x00000002   PAD
    0x080032bc   0x080032bc   0x00000410   Code   RO         3800    i._printf_core      mc_w.l(printf8.o)
    0x080036cc   0x080036cc   0x00000024   Code   RO         3801    i._printf_post_padding  mc_w.l(printf8.o)
    0x080036f0   0x080036f0   0x0000002e   Code   RO         3802    i._printf_pre_padding  mc_w.l(printf8.o)
    0x0800371e   0x0800371e   0x0000000a   Code   RO         3804    i._sputc            mc_w.l(printf8.o)
    0x08003728   0x08003728   0x0000001c   Code   RO          686    i.clear_RX          main.o
    0x08003744   0x08003744   0x00000110   Code   RO          201    i.dhcp_discover     dhcp.o
    0x08003854   0x08003854   0x000000f4   Code   RO          202    i.dhcp_getGateway   dhcp.o
    0x08003948   0x08003948   0x000000a0   Code   RO          687    i.main              main.o
    0x080039e8   0x080039e8   0x00000014   Code   RO          462    i.net_SetStatus     net.o
    0x080039fc   0x080039fc   0x0000000c   Code   RO          463    i.net_readEnable    net.o
    0x08003a08   0x08003a08   0x00000006   Data   RO          258    .constdata          enc28j60.o
    0x08003a0e   0x08003a0e   0x00000512   Data   RO          366    .constdata          http.o
    0x08003f20   0x08003f20   0x00000010   Data   RO         3529    .constdata          system_stm32f1xx.o
    0x08003f30   0x08003f30   0x00000008   Data   RO         3530    .constdata          system_stm32f1xx.o
    0x08003f38   0x08003f38   0x00000020   Data   RO         3889    Region$$Table       anon$$obj.o


    Execution Region RW_IRAM1 (Exec base: 0x20000000, Load base: 0x08003f58, Size: 0x00000828, Max: 0x00005000, ABSOLUTE)

    Exec Addr    Load Addr    Size         Type   Attr      Idx    E Section Name        Object

    0x20000000   0x08003f58   0x00000008   Data   RW           21    .data               arp.o
    0x20000008   0x08003f60   0x0000000f   Data   RW          203    .data               dhcp.o
    0x20000017   0x08003f6f   0x00000004   Data   RW          259    .data               enc28j60.o
    0x2000001b   0x08003f73   0x00000001   PAD
    0x2000001c   0x08003f74   0x00000008   Data   RW          260    .data               enc28j60.o
    0x20000024   0x08003f7c   0x00000004   Data   RW          261    .data               enc28j60.o
    0x20000028   0x08003f80   0x00000006   Data   RW          262    .data               enc28j60.o
    0x2000002e   0x08003f86   0x00000002   PAD
    0x20000030   0x08003f88   0x0000000c   Data   RW          368    .data               http.o
    0x2000003c   0x08003f94   0x00000001   Data   RW          465    .data               net.o
    0x2000003d   0x08003f95   0x00000003   PAD
    0x20000040   0x08003f98   0x00000004   Data   RW          600    .data               uart.o
    0x20000044   0x08003f9c   0x00000006   Data   RW          689    .data               main.o
    0x2000004a   0x08003fa2   0x00000002   PAD
    0x2000004c   0x08003fa4   0x0000000c   Data   RW         1323    .data               stm32f1xx_hal.o
    0x20000058   0x08003fb0   0x00000004   Data   RW         3531    .data               system_stm32f1xx.o
    0x2000005c   0x08003fb4   0x00000004   Data   RW         3568    .data               mc_w.l(rand.o)
    0x20000060        -       0x00000032   Zero   RW           20    .bss                arp.o
    0x20000092        -       0x0000003c   Zero   RW          257    .bss                enc28j60.o
    0x200000ce        -       0x00000200   Zero   RW          464    .bss                net.o
    0x200002ce        -       0x00000017   Zero   RW          530    .bss                tcp.o
    0x200002e5   0x08003fb8   0x00000003   PAD
    0x200002e8        -       0x0000013b   Zero   RW          688    .bss                main.o
    0x20000423   0x08003fb8   0x00000005   PAD
    0x20000428        -       0x00000400   Zero   RW            1    STACK               startup_stm32f103xb.o


==============================================================================

Image component sizes


      Code (inc. data)   RO Data    RW Data    ZI Data      Debug   Object Name

       672        122          0          8         50     437498   arp.o
       516        132          0         15          0       2429   dhcp.o
      1164        172          6         22         60      10624   enc28j60.o
       132         38       1298         12          0       3966   http.o
       184          6          0          0          0       2404   icmp.o
       636         60          0          6        315       5500   main.o
       176         16          0          1        512       4453   net.o
        36          8        236          0       1024        796   startup_stm32f103xb.o
       164         28          0         12          0       5849   stm32f1xx_hal.o
       198         14          0          0          0      28911   stm32f1xx_hal_cortex.o
       152          4          0          0          0       1091   stm32f1xx_hal_dma.o
       514         40          0          0          0       3459   stm32f1xx_hal_gpio.o
       356         40          0          0          0       2794   stm32f1xx_hal_msp.o
      1272        100          0          0          0       5164   stm32f1xx_hal_rcc.o
      1134          0          0          0          0       5980   stm32f1xx_hal_spi.o
       882         14          0          0          0       9481   stm32f1xx_hal_tim.o
        70          0          0          0          0       2333   stm32f1xx_hal_tim_ex.o
      1218         12          0          0          0       9231   stm32f1xx_hal_uart.o
        50         12          0          0          0       5003   stm32f1xx_it.o
        72         16         24          4          0       1139   system_stm32f1xx.o
      2292        394          0          0         23       7860   tcp.o
        72         18          0          4          0       2204   uart.o
       970        240          0          0          0       3970   udp.o

    ----------------------------------------------------------------------
     12964       1486       1596         92       1992     562139   Object Totals
         0          0         32          0          0          0   (incl. Generated)
        32          0          0          8          8          0   (incl. Padding)

    ----------------------------------------------------------------------

      Code (inc. data)   RO Data    RW Data    ZI Data      Debug   Library Member Name

         0          0          0          0          0          0   entry.o
         0          0          0          0          0          0   entry10a.o
         0          0          0          0          0          0   entry11a.o
         8          4          0          0          0          0   entry2.o
         4          0          0          0          0          0   entry5.o
         0          0          0          0          0          0   entry7b.o
         0          0          0          0          0          0   entry8b.o
         8          4          0          0          0          0   entry9a.o
        30          0          0          0          0          0   handlers.o
        36          8          0          0          0         68   init.o
        30          0          0          0          0         68   llshl.o
        32          0          0          0          0         68   llushr.o
        26          0          0          0          0         80   memcmp.o
        36          0          0          0          0         68   memcpya.o
        36          0          0          0          0        108   memseta.o
      1172         50          0          0          0        420   printf8.o
        36         10          0          4          0        136   rand.o
        18          0          0          0          0         68   strcpy.o
        14          0          0          0          0         68   strlen.o
        30          0          0          0          0         80   strncmp.o
        36          0          0          0          0         80   strstr.o
        98          0          0          0          0         92   uldiv.o

    ----------------------------------------------------------------------
      1656         76          0          4          0       1404   Library Totals
         6          0          0          0          0          0   (incl. Padding)

    ----------------------------------------------------------------------

      Code (inc. data)   RO Data    RW Data    ZI Data      Debug   Library Name

      1650         76          0          4          0       1404   mc_w.l

    ----------------------------------------------------------------------
      1656         76          0          4          0       1404   Library Totals

    ----------------------------------------------------------------------

==============================================================================


      Code (inc. data)   RO Data    RW Data    ZI Data      Debug   

     14620       1562       1596         96       1992     556259   Grand Totals
     14620       1562       1596         96       1992     556259   ELF Image Totals
     14620       1562       1596         96          0          0   ROM Totals

==============================================================================

    Total RO  Size (Code + RO Data)                16216 (  15.84kB)
    Total RW  Size (RW Data + ZI Data)              2088 (   2.04kB)
    Total ROM Size (Code + RO Data + RW Data)      16312 (  15.93kB)

==============================================================================

