../Core/ENC28J60/enc28j60.c:12:6:SPI_SendByte	16	static
../Core/ENC28J60/enc28j60.c:17:9:SPI_ReceiveByte	24	static
../Core/ENC28J60/enc28j60.c:25:6:ENC28J60_write_command	16	static
../Core/ENC28J60/enc28j60.c:32:9:ENC28J60_read_command	24	static
../Core/ENC28J60/enc28j60.c:43:6:ENC28J60_SetBank	16	static
../Core/ENC28J60/enc28j60.c:52:6:ENC28J60_writeByte	16	static
../Core/ENC28J60/enc28j60.c:58:9:ENC28J60_readByte	16	static
../Core/ENC28J60/enc28j60.c:63:6:ENC28J60_writeByte16	16	static
../Core/ENC28J60/enc28j60.c:68:6:ENC28J60_writePhy	16	static
../Core/ENC28J60/enc28j60.c:74:10:ENC28J60_readPhy	32	static
../Core/ENC28J60/enc28j60.c:85:6:ENC29J600_ini	48	static
../Core/ENC28J60/enc28j60.c:150:6:ENC28J60_error	8	static
../Core/ENC28J60/enc28j60.c:156:9:ENC28J60_read_Byte_Buffer	8	static
../Core/ENC28J60/enc28j60.c:160:6:ENC28J60_ReadBuffer	16	static
../Core/ENC28J60/enc28j60.c:174:10:ENC28J60_read_packet	24	static
../Core/ENC28J60/enc28j60.c:214:6:ENC28J60_writeBuf	16	static
../Core/ENC28J60/enc28j60.c:222:6:ENC28J60_send_packet	16	static
